Archive member included to satisfy reference by file (symbol)

/usr/local/share/gcc-arm-none-eabi-10-2020-q4-major/bin/../lib/gcc/arm-none-eabi/10.2.1/thumb/v7-m/nofp/libgcc.a(unwind-arm.o)
                              main.o (__aeabi_unwind_cpp_pr0)
/usr/local/share/gcc-arm-none-eabi-10-2020-q4-major/bin/../lib/gcc/arm-none-eabi/10.2.1/thumb/v7-m/nofp/libgcc.a(libunwind.o)
                              /usr/local/share/gcc-arm-none-eabi-10-2020-q4-major/bin/../lib/gcc/arm-none-eabi/10.2.1/thumb/v7-m/nofp/libgcc.a(unwind-arm.o) (restore_core_regs)
/usr/local/share/gcc-arm-none-eabi-10-2020-q4-major/bin/../lib/gcc/arm-none-eabi/10.2.1/thumb/v7-m/nofp/libgcc.a(pr-support.o)
                              /usr/local/share/gcc-arm-none-eabi-10-2020-q4-major/bin/../lib/gcc/arm-none-eabi/10.2.1/thumb/v7-m/nofp/libgcc.a(unwind-arm.o) (__gnu_unwind_execute)
/usr/local/share/gcc-arm-none-eabi-10-2020-q4-major/bin/../lib/gcc/arm-none-eabi/10.2.1/../../../../arm-none-eabi/lib/thumb/v7-m/nofp/libc_nano.a(lib_a-abort.o)
                              /usr/local/share/gcc-arm-none-eabi-10-2020-q4-major/bin/../lib/gcc/arm-none-eabi/10.2.1/thumb/v7-m/nofp/libgcc.a(unwind-arm.o) (abort)
/usr/local/share/gcc-arm-none-eabi-10-2020-q4-major/bin/../lib/gcc/arm-none-eabi/10.2.1/../../../../arm-none-eabi/lib/thumb/v7-m/nofp/libc_nano.a(lib_a-exit.o)
                              /usr/local/share/gcc-arm-none-eabi-10-2020-q4-major/bin/../lib/gcc/arm-none-eabi/10.2.1/../../../../arm-none-eabi/lib/thumb/v7-m/nofp/crt0.o (exit)
/usr/local/share/gcc-arm-none-eabi-10-2020-q4-major/bin/../lib/gcc/arm-none-eabi/10.2.1/../../../../arm-none-eabi/lib/thumb/v7-m/nofp/libc_nano.a(lib_a-impure.o)
                              /usr/local/share/gcc-arm-none-eabi-10-2020-q4-major/bin/../lib/gcc/arm-none-eabi/10.2.1/../../../../arm-none-eabi/lib/thumb/v7-m/nofp/libc_nano.a(lib_a-exit.o) (_global_impure_ptr)
/usr/local/share/gcc-arm-none-eabi-10-2020-q4-major/bin/../lib/gcc/arm-none-eabi/10.2.1/../../../../arm-none-eabi/lib/thumb/v7-m/nofp/libc_nano.a(lib_a-init.o)
                              /usr/local/share/gcc-arm-none-eabi-10-2020-q4-major/bin/../lib/gcc/arm-none-eabi/10.2.1/../../../../arm-none-eabi/lib/thumb/v7-m/nofp/crt0.o (__libc_init_array)
/usr/local/share/gcc-arm-none-eabi-10-2020-q4-major/bin/../lib/gcc/arm-none-eabi/10.2.1/../../../../arm-none-eabi/lib/thumb/v7-m/nofp/libc_nano.a(lib_a-memcpy-stub.o)
                              /usr/local/share/gcc-arm-none-eabi-10-2020-q4-major/bin/../lib/gcc/arm-none-eabi/10.2.1/thumb/v7-m/nofp/libgcc.a(unwind-arm.o) (memcpy)
/usr/local/share/gcc-arm-none-eabi-10-2020-q4-major/bin/../lib/gcc/arm-none-eabi/10.2.1/../../../../arm-none-eabi/lib/thumb/v7-m/nofp/libc_nano.a(lib_a-memset.o)
                              /usr/local/share/gcc-arm-none-eabi-10-2020-q4-major/bin/../lib/gcc/arm-none-eabi/10.2.1/../../../../arm-none-eabi/lib/thumb/v7-m/nofp/crt0.o (memset)
/usr/local/share/gcc-arm-none-eabi-10-2020-q4-major/bin/../lib/gcc/arm-none-eabi/10.2.1/../../../../arm-none-eabi/lib/thumb/v7-m/nofp/libc_nano.a(lib_a-signal.o)
                              /usr/local/share/gcc-arm-none-eabi-10-2020-q4-major/bin/../lib/gcc/arm-none-eabi/10.2.1/../../../../arm-none-eabi/lib/thumb/v7-m/nofp/libc_nano.a(lib_a-abort.o) (raise)
/usr/local/share/gcc-arm-none-eabi-10-2020-q4-major/bin/../lib/gcc/arm-none-eabi/10.2.1/../../../../arm-none-eabi/lib/thumb/v7-m/nofp/libc_nano.a(lib_a-signalr.o)
                              /usr/local/share/gcc-arm-none-eabi-10-2020-q4-major/bin/../lib/gcc/arm-none-eabi/10.2.1/../../../../arm-none-eabi/lib/thumb/v7-m/nofp/libc_nano.a(lib_a-signal.o) (_kill_r)
/usr/local/share/gcc-arm-none-eabi-10-2020-q4-major/bin/../lib/gcc/arm-none-eabi/10.2.1/../../../../arm-none-eabi/lib/thumb/v7-m/nofp/libc_nano.a(lib_a-nano-mallocr.o)
                              /usr/local/share/gcc-arm-none-eabi-10-2020-q4-major/bin/../lib/gcc/arm-none-eabi/10.2.1/../../../../arm-none-eabi/lib/thumb/v7-m/nofp/libc_nano.a(lib_a-signal.o) (_malloc_r)
/usr/local/share/gcc-arm-none-eabi-10-2020-q4-major/bin/../lib/gcc/arm-none-eabi/10.2.1/../../../../arm-none-eabi/lib/thumb/v7-m/nofp/libc_nano.a(lib_a-reent.o)
                              /usr/local/share/gcc-arm-none-eabi-10-2020-q4-major/bin/../lib/gcc/arm-none-eabi/10.2.1/../../../../arm-none-eabi/lib/thumb/v7-m/nofp/libc_nano.a(lib_a-signalr.o) (errno)
/usr/local/share/gcc-arm-none-eabi-10-2020-q4-major/bin/../lib/gcc/arm-none-eabi/10.2.1/../../../../arm-none-eabi/lib/thumb/v7-m/nofp/libc_nano.a(lib_a-sbrkr.o)
                              /usr/local/share/gcc-arm-none-eabi-10-2020-q4-major/bin/../lib/gcc/arm-none-eabi/10.2.1/../../../../arm-none-eabi/lib/thumb/v7-m/nofp/libc_nano.a(lib_a-nano-mallocr.o) (_sbrk_r)
/usr/local/share/gcc-arm-none-eabi-10-2020-q4-major/bin/../lib/gcc/arm-none-eabi/10.2.1/../../../../arm-none-eabi/lib/thumb/v7-m/nofp/libc_nano.a(lib_a-mlock.o)
[...]
Memory Configuration

Name             Origin             Length             Attributes
FLASH            0x0000000008000000 0x0000000000020000 xr
RAM              0x0000000020000000 0x0000000000005000 xrw
*default*        0x0000000000000000 0xffffffffffffffff

Linker script and memory map

LOAD /usr/local/share/gcc-arm-none-eabi-10-2020-q4-major/bin/../lib/gcc/arm-none-eabi/10.2.1/thumb/v7-m/nofp/crti.o
LOAD /usr/local/share/gcc-arm-none-eabi-10-2020-q4-major/bin/../lib/gcc/arm-none-eabi/10.2.1/thumb/v7-m/nofp/crtbegin.o
LOAD /usr/local/share/gcc-arm-none-eabi-10-2020-q4-major/bin/../lib/gcc/arm-none-eabi/10.2.1/../../../../arm-none-eabi/lib/thumb/v7-m/nofp/crt0.o
LOAD mcu/stm32f103c8t6/core/startup_stm32f103xb.o
LOAD mcu/stm32f103c8t6/core/system_stm32f1xx.o
LOAD mcu/stm32f103c8t6/hal/src/stm32f1xx_hal_iwdg.o
LOAD mcu/stm32f103c8t6/hal/src/stm32f1xx_hal_dac_ex.o
LOAD mcu/stm32f103c8t6/hal/src/stm32f1xx_ll_exti.o
LOAD mcu/stm32f103c8t6/hal/src/stm32f1xx_ll_fsmc.o
LOAD mcu/stm32f103c8t6/hal/src/stm32f1xx_hal_cec.o
LOAD mcu/stm32f103c8t6/hal/src/stm32f1xx_ll_i2c.o
LOAD mcu/stm32f103c8t6/hal/src/stm32f1xx_hal_hcd.o
LOAD mcu/stm32f103c8t6/hal/src/stm32f1xx_hal_i2s.o
LOAD mcu/stm32f103c8t6/hal/src/stm32f1xx_ll_rtc.o
LOAD mcu/stm32f103c8t6/hal/src/stm32f1xx_ll_pwr.o
LOAD mcu/stm32f103c8t6/hal/src/stm32f1xx_hal_pccard.o
LOAD mcu/stm32f103c8t6/hal/src/stm32f1xx_hal_exti.o
LOAD mcu/stm32f103c8t6/hal/src/stm32f1xx_ll_rcc.o
LOAD mcu/stm32f103c8t6/hal/src/stm32f1xx_hal_rtc.o
LOAD mcu/stm32f103c8t6/hal/src/stm32f1xx_hal_pwr.o
LOAD mcu/stm32f103c8t6/hal/src/stm32f1xx_hal_eth.o
LOAD mcu/stm32f103c8t6/hal/src/stm32f1xx_hal_sd.o
LOAD mcu/stm32f103c8t6/hal/src/stm32f1xx_ll_tim.o
LOAD mcu/stm32f103c8t6/hal/src/stm32f1xx_ll_adc.o
LOAD mcu/stm32f103c8t6/hal/src/stm32f1xx_ll_gpio.o
LOAD mcu/stm32f103c8t6/hal/src/stm32f1xx_hal_crc.o
LOAD mcu/stm32f103c8t6/hal/src/stm32f1xx_hal_tim.o
LOAD mcu/stm32f103c8t6/hal/src/stm32f1xx_hal_pcd.o
LOAD mcu/stm32f103c8t6/hal/src/stm32f1xx_hal_usart.o
LOAD mcu/stm32f103c8t6/hal/src/stm32f1xx_hal.o
LOAD mcu/stm32f103c8t6/hal/src/stm32f1xx_hal_flash.o
LOAD mcu/stm32f103c8t6/hal/src/stm32f1xx_hal_rcc.o
LOAD mcu/stm32f103c8t6/hal/src/stm32f1xx_ll_dac.o
LOAD mcu/stm32f103c8t6/hal/src/stm32f1xx_hal_adc.o
LOAD mcu/stm32f103c8t6/hal/src/stm32f1xx_hal_gpio.o
LOAD mcu/stm32f103c8t6/hal/src/stm32f1xx_hal_wwdg.o
LOAD mcu/stm32f103c8t6/hal/src/stm32f1xx_hal_dac.o
LOAD mcu/stm32f103c8t6/hal/src/stm32f1xx_hal_can.o
LOAD mcu/stm32f103c8t6/hal/src/stm32f1xx_hal_nand.o
LOAD mcu/stm32f103c8t6/hal/src/stm32f1xx_hal_sram.o
LOAD mcu/stm32f103c8t6/hal/src/stm32f1xx_hal_nor.o
LOAD mcu/stm32f103c8t6/hal/src/stm32f1xx_ll_spi.o
LOAD mcu/stm32f103c8t6/hal/src/stm32f1xx_hal_irda.o
LOAD mcu/stm32f103c8t6/hal/src/stm32f1xx_ll_usb.o
LOAD mcu/stm32f103c8t6/hal/src/stm32f1xx_hal_smartcard.o
LOAD mcu/stm32f103c8t6/hal/src/stm32f1xx_ll_crc.o
LOAD mcu/stm32f103c8t6/hal/src/stm32f1xx_hal_uart.o
LOAD mcu/stm32f103c8t6/hal/src/stm32f1xx_hal_spi.o
LOAD mcu/stm32f103c8t6/hal/src/stm32f1xx_hal_mmc.o
LOAD mcu/stm32f103c8t6/hal/src/stm32f1xx_ll_sdmmc.o
LOAD mcu/stm32f103c8t6/hal/src/stm32f1xx_hal_cortex.o
LOAD mcu/stm32f103c8t6/hal/src/stm32f1xx_ll_usart.o
LOAD mcu/stm32f103c8t6/hal/src/stm32f1xx_hal_i2c.o
LOAD mcu/stm32f103c8t6/hal/src/stm32f1xx_hal_flash_ex.o
LOAD mcu/stm32f103c8t6/hal/src/stm32f1xx_hal_rtc_ex.o
LOAD mcu/stm32f103c8t6/hal/src/stm32f1xx_hal_rcc_ex.o
LOAD mcu/stm32f103c8t6/hal/src/stm32f1xx_ll_dma.o
LOAD mcu/stm32f103c8t6/hal/src/stm32f1xx_hal_pcd_ex.o
LOAD mcu/stm32f103c8t6/hal/src/stm32f1xx_hal_tim_ex.o
LOAD mcu/stm32f103c8t6/hal/src/stm32f1xx_hal_adc_ex.o
LOAD mcu/stm32f103c8t6/hal/src/stm32f1xx_hal_dma.o
LOAD mcu/stm32f103c8t6/hal/src/stm32f1xx_hal_gpio_ex.o
LOAD mcu/stm32f103c8t6/hal/src/stm32f1xx_ll_utils.o
LOAD main.o
START GROUP
LOAD /usr/local/share/gcc-arm-none-eabi-10-2020-q4-major/bin/../lib/gcc/arm-none-eabi/10.2.1/thumb/v7-m/nofp/libgcc.a
LOAD /usr/local/share/gcc-arm-none-eabi-10-2020-q4-major/bin/../lib/gcc/arm-none-eabi/10.2.1/../../../../arm-none-eabi/lib/thumb/v7-m/nofp/libc_nano.a
LOAD /usr/local/share/gcc-arm-none-eabi-10-2020-q4-major/bin/../lib/gcc/arm-none-eabi/10.2.1/../../../../arm-none-eabi/lib/thumb/v7-m/nofp/libg_nano.a
END GROUP
START GROUP
LOAD /usr/local/share/gcc-arm-none-eabi-10-2020-q4-major/bin/../lib/gcc/arm-none-eabi/10.2.1/thumb/v7-m/nofp/libgcc.a
LOAD /usr/local/share/gcc-arm-none-eabi-10-2020-q4-major/bin/../lib/gcc/arm-none-eabi/10.2.1/../../../../arm-none-eabi/lib/thumb/v7-m/nofp/libc_nano.a
END GROUP
START GROUP
LOAD /usr/local/share/gcc-arm-none-eabi-10-2020-q4-major/bin/../lib/gcc/arm-none-eabi/10.2.1/thumb/v7-m/nofp/libgcc.a
LOAD /usr/local/share/gcc-arm-none-eabi-10-2020-q4-major/bin/../lib/gcc/arm-none-eabi/10.2.1/../../../../arm-none-eabi/lib/thumb/v7-m/nofp/libc_nano.a
LOAD /usr/local/share/gcc-arm-none-eabi-10-2020-q4-major/bin/../lib/gcc/arm-none-eabi/10.2.1/../../../../arm-none-eabi/lib/thumb/v7-m/nofp/libnosys.a
END GROUP
START GROUP
LOAD /usr/local/share/gcc-arm-none-eabi-10-2020-q4-major/bin/../lib/gcc/arm-none-eabi/10.2.1/thumb/v7-m/nofp/libgcc.a
LOAD /usr/local/share/gcc-arm-none-eabi-10-2020-q4-major/bin/../lib/gcc/arm-none-eabi/10.2.1/../../../../arm-none-eabi/lib/thumb/v7-m/nofp/libc_nano.a
LOAD /usr/local/share/gcc-arm-none-eabi-10-2020-q4-major/bin/../lib/gcc/arm-none-eabi/10.2.1/../../../../arm-none-eabi/lib/thumb/v7-m/nofp/libnosys.a
END GROUP
LOAD /usr/local/share/gcc-arm-none-eabi-10-2020-q4-major/bin/../lib/gcc/arm-none-eabi/10.2.1/thumb/v7-m/nofp/crtend.o
LOAD /usr/local/share/gcc-arm-none-eabi-10-2020-q4-major/bin/../lib/gcc/arm-none-eabi/10.2.1/thumb/v7-m/nofp/crtn.o
                0x0000000020004fff                _estack = 0x20004fff
                0x0000000000000200                _Min_Heap_Size = 0x200
                0x0000000000000400                _Min_Stack_Size = 0x400

.isr_vector     0x0000000008000000      0x10c
                0x0000000008000000                . = ALIGN (0x4)
 *(.isr_vector)
 .isr_vector    0x0000000008000000      0x10c mcu/stm32f103c8t6/core/startup_stm32f103xb.o
                0x0000000008000000                g_pfnVectors
                0x000000000800010c                . = ALIGN (0x4)

.text           0x000000000800010c     0x1cf4
                0x000000000800010c                . = ALIGN (0x4)
 *(.text)
 .text          0x000000000800010c       0x40 /usr/local/share/gcc-arm-none-eabi-10-2020-q4-major/bin/../lib/gcc/arm-none-eabi/10.2.1/thumb/v7-m/nofp/crtbegin.o
 .text          0x000000000800014c      0x1d4 main.o
                0x000000000800014c                init()
                0x00000000080001f4                usart()
                0x0000000008000258                main
                0x0000000008000314                SysTick_Handler()
 .text          0x0000000008000320      0x9e4 /usr/local/share/gcc-arm-none-eabi-10-2020-q4-major/bin/../lib/gcc/arm-none-eabi/10.2.1/thumb/v7-m/nofp/libgcc.a(unwind-arm.o)
                0x00000000080005e0                _Unwind_GetCFA
                0x00000000080005e4                __gnu_Unwind_RaiseException
                0x000000000800064c                __gnu_Unwind_ForcedUnwind
                0x0000000008000660                __gnu_Unwind_Resume
                0x00000000080006a4                __gnu_Unwind_Resume_or_Rethrow
                0x00000000080006b8                _Unwind_Complete
                0x00000000080006bc                _Unwind_DeleteException
                0x00000000080006c8                _Unwind_VRS_Get
                0x0000000008000714                _Unwind_VRS_Set
                0x000000000800075c                __gnu_Unwind_Backtrace
                0x0000000008000a84                __aeabi_unwind_cpp_pr0
                0x0000000008000a88                __aeabi_unwind_cpp_pr1
                0x0000000008000a8c                __aeabi_unwind_cpp_pr2
                0x0000000008000a90                _Unwind_VRS_Pop
 .text          0x0000000008000d04      0x1ac /usr/local/share/gcc-arm-none-eabi-10-2020-q4-major/bin/../lib/gcc/arm-none-eabi/10.2.1/thumb/v7-m/nofp/libgcc.a(libunwind.o)
                0x0000000008000d04                __restore_core_regs
                0x0000000008000d04                restore_core_regs
                0x0000000008000d1c                __gnu_Unwind_Restore_VFP
                0x0000000008000d24                __gnu_Unwind_Save_VFP
                0x0000000008000d2c                __gnu_Unwind_Restore_VFP_D
                0x0000000008000d34                __gnu_Unwind_Save_VFP_D
                0x0000000008000d3c                __gnu_Unwind_Restore_VFP_D_16_to_31
                0x0000000008000d44                __gnu_Unwind_Save_VFP_D_16_to_31
                0x0000000008000d4c                __gnu_Unwind_Restore_WMMXD
                0x0000000008000d90                __gnu_Unwind_Save_WMMXD
                0x0000000008000dd4                __gnu_Unwind_Restore_WMMXC
                0x0000000008000de8                __gnu_Unwind_Save_WMMXC
                0x0000000008000dfc                ___Unwind_RaiseException
                0x0000000008000dfc                _Unwind_RaiseException
                0x0000000008000e20                ___Unwind_Resume
                0x0000000008000e20                _Unwind_Resume
                0x0000000008000e44                _Unwind_Resume_or_Rethrow
                0x0000000008000e44                ___Unwind_Resume_or_Rethrow
                0x0000000008000e68                ___Unwind_ForcedUnwind
                0x0000000008000e68                _Unwind_ForcedUnwind
                0x0000000008000e8c                _Unwind_Backtrace
                0x0000000008000e8c                ___Unwind_Backtrace
 .text          0x0000000008000eb0      0x38c /usr/local/share/gcc-arm-none-eabi-10-2020-q4-major/bin/../lib/gcc/arm-none-eabi/10.2.1/thumb/v7-m/nofp/libgcc.a(pr-support.o)
                0x0000000008000f08                __gnu_unwind_execute
                0x00000000080011ec                __gnu_unwind_frame
                0x000000000800121c                _Unwind_GetRegionStart
                0x0000000008001228                _Unwind_GetLanguageSpecificData
 *(.text*)
 .text.Reset_Handler
                0x000000000800123c       0x48 mcu/stm32f103c8t6/core/startup_stm32f103xb.o
                0x000000000800123c                Reset_Handler
 .text.Default_Handler
                0x0000000008001284        0x2 mcu/stm32f103c8t6/core/startup_stm32f103xb.o
                0x0000000008001284                RTC_Alarm_IRQHandler
                0x0000000008001284                EXTI2_IRQHandler
                0x0000000008001284                DebugMon_Handler
                0x0000000008001284                TIM1_CC_IRQHandler
                0x0000000008001284                HardFault_Handler
                0x0000000008001284                SysTick_Handler
                0x0000000008001284                PVD_IRQHandler
                0x0000000008001284                PendSV_Handler
                0x0000000008001284                NMI_Handler
                0x0000000008001284                EXTI3_IRQHandler
                0x0000000008001284                EXTI0_IRQHandler
                0x0000000008001284                I2C2_EV_IRQHandler
                0x0000000008001284                UsageFault_Handler
                0x0000000008001284                ADC1_2_IRQHandler
                0x0000000008001284                SPI1_IRQHandler
                0x0000000008001284                TAMPER_IRQHandler
                0x0000000008001284                DMA1_Channel4_IRQHandler
                0x0000000008001284                USART3_IRQHandler
                0x0000000008001284                RTC_IRQHandler
                0x0000000008001284                DMA1_Channel7_IRQHandler
                0x0000000008001284                CAN1_RX1_IRQHandler
                0x0000000008001284                TIM4_IRQHandler
                0x0000000008001284                I2C1_EV_IRQHandler
                0x0000000008001284                DMA1_Channel6_IRQHandler
                0x0000000008001284                TIM3_IRQHandler
                0x0000000008001284                RCC_IRQHandler
                0x0000000008001284                TIM1_TRG_COM_IRQHandler
                0x0000000008001284                DMA1_Channel1_IRQHandler
                0x0000000008001284                Default_Handler
                0x0000000008001284                EXTI15_10_IRQHandler
                0x0000000008001284                EXTI9_5_IRQHandler
                0x0000000008001284                SPI2_IRQHandler
                0x0000000008001284                MemManage_Handler
                0x0000000008001284                SVC_Handler
                0x0000000008001284                DMA1_Channel5_IRQHandler
                0x0000000008001284                EXTI4_IRQHandler
                0x0000000008001284                USB_LP_CAN1_RX0_IRQHandler
                0x0000000008001284                USB_HP_CAN1_TX_IRQHandler
                0x0000000008001284                DMA1_Channel3_IRQHandler
                0x0000000008001284                TIM1_UP_IRQHandler
                0x0000000008001284                WWDG_IRQHandler
                0x0000000008001284                TIM2_IRQHandler
                0x0000000008001284                TIM1_BRK_IRQHandler
                0x0000000008001284                EXTI1_IRQHandler
                0x0000000008001284                USART2_IRQHandler
                0x0000000008001284                I2C2_ER_IRQHandler
                0x0000000008001284                DMA1_Channel2_IRQHandler
                0x0000000008001284                CAN1_SCE_IRQHandler
                0x0000000008001284                FLASH_IRQHandler
                0x0000000008001284                BusFault_Handler
                0x0000000008001284                USART1_IRQHandler
                0x0000000008001284                I2C1_ER_IRQHandler
                0x0000000008001284                USBWakeUp_IRQHandler
 .text.SystemInit
                0x0000000008001286        0xc mcu/stm32f103c8t6/core/system_stm32f1xx.o
                0x0000000008001286                SystemInit
 .text.HAL_Init
                0x0000000008001292       0x1a mcu/stm32f103c8t6/hal/src/stm32f1xx_hal.o
                0x0000000008001292                HAL_Init
 .text.HAL_MspInit
                0x00000000080012ac        0xc mcu/stm32f103c8t6/hal/src/stm32f1xx_hal.o
                0x00000000080012ac                HAL_MspInit
 .text.HAL_InitTick
                0x00000000080012b8       0x60 mcu/stm32f103c8t6/hal/src/stm32f1xx_hal.o
                0x00000000080012b8                HAL_InitTick
 .text.HAL_IncTick
                0x0000000008001318       0x24 mcu/stm32f103c8t6/hal/src/stm32f1xx_hal.o
                0x0000000008001318                HAL_IncTick
 .text.HAL_GetTick
                0x000000000800133c       0x14 mcu/stm32f103c8t6/hal/src/stm32f1xx_hal.o
                0x000000000800133c                HAL_GetTick
 .text.HAL_Delay
                0x0000000008001350       0x48 mcu/stm32f103c8t6/hal/src/stm32f1xx_hal.o
                0x0000000008001350                HAL_Delay
 .text.HAL_RCC_GetHCLKFreq
                0x0000000008001398       0x14 mcu/stm32f103c8t6/hal/src/stm32f1xx_hal_rcc.o
                0x0000000008001398                HAL_RCC_GetHCLKFreq
 .text.HAL_RCC_GetPCLK1Freq
                0x00000000080013ac       0x28 mcu/stm32f103c8t6/hal/src/stm32f1xx_hal_rcc.o
                0x00000000080013ac                HAL_RCC_GetPCLK1Freq
 .text.HAL_RCC_GetPCLK2Freq
                0x00000000080013d4       0x28 mcu/stm32f103c8t6/hal/src/stm32f1xx_hal_rcc.o
                0x00000000080013d4                HAL_RCC_GetPCLK2Freq
 .text.HAL_GPIO_Init
                0x00000000080013fc      0x308 mcu/stm32f103c8t6/hal/src/stm32f1xx_hal_gpio.o
                0x00000000080013fc                HAL_GPIO_Init
 .text.HAL_GPIO_TogglePin
                0x0000000008001704       0x32 mcu/stm32f103c8t6/hal/src/stm32f1xx_hal_gpio.o
                0x0000000008001704                HAL_GPIO_TogglePin
 .text.HAL_UART_Init
                0x0000000008001736       0x9a mcu/stm32f103c8t6/hal/src/stm32f1xx_hal_uart.o
                0x0000000008001736                HAL_UART_Init
 .text.HAL_UART_MspInit
                0x00000000080017d0       0x12 mcu/stm32f103c8t6/hal/src/stm32f1xx_hal_uart.o
                0x00000000080017d0                HAL_UART_MspInit
 .text.HAL_UART_Transmit
                0x00000000080017e2      0x124 mcu/stm32f103c8t6/hal/src/stm32f1xx_hal_uart.o
                0x00000000080017e2                HAL_UART_Transmit
 .text.UART_WaitOnFlagUntilTimeout
                0x0000000008001906       0x94 mcu/stm32f103c8t6/hal/src/stm32f1xx_hal_uart.o
 *fill*         0x000000000800199a        0x2 
 .text.UART_SetConfig
                0x000000000800199c      0x11c mcu/stm32f103c8t6/hal/src/stm32f1xx_hal_uart.o
 .text.__NVIC_SetPriorityGrouping
                0x0000000008001ab8       0x48 mcu/stm32f103c8t6/hal/src/stm32f1xx_hal_cortex.o
 .text.__NVIC_GetPriorityGrouping
                0x0000000008001b00       0x1c mcu/stm32f103c8t6/hal/src/stm32f1xx_hal_cortex.o
 .text.__NVIC_SetPriority
                0x0000000008001b1c       0x54 mcu/stm32f103c8t6/hal/src/stm32f1xx_hal_cortex.o
 .text.NVIC_EncodePriority
                0x0000000008001b70       0x64 mcu/stm32f103c8t6/hal/src/stm32f1xx_hal_cortex.o
 .text.SysTick_Config
                0x0000000008001bd4       0x44 mcu/stm32f103c8t6/hal/src/stm32f1xx_hal_cortex.o
 .text.HAL_NVIC_SetPriorityGrouping
                0x0000000008001c18       0x16 mcu/stm32f103c8t6/hal/src/stm32f1xx_hal_cortex.o
                0x0000000008001c18                HAL_NVIC_SetPriorityGrouping
 .text.HAL_NVIC_SetPriority
                0x0000000008001c2e       0x38 mcu/stm32f103c8t6/hal/src/stm32f1xx_hal_cortex.o
                0x0000000008001c2e                HAL_NVIC_SetPriority
 .text.HAL_SYSTICK_Config
                0x0000000008001c66       0x18 mcu/stm32f103c8t6/hal/src/stm32f1xx_hal_cortex.o
                0x0000000008001c66                HAL_SYSTICK_Config
 .text._ZNK9rom_class3fooEv
                0x0000000008001c7e       0x14 main.o
                0x0000000008001c7e                rom_class::foo() const
 .text._ZN5T_RCC6PortOnIJL5Gport4ELS1_8ELS1_16EEEEvv
                0x0000000008001c92       0x24 main.o
                0x0000000008001c92                void T_RCC::PortOn<(Gport)4, (Gport)8, (Gport)16>()
 .text._ZN5T_RCC7SetBitsIJLh4ELh8ELh16EEEEhv
                0x0000000008001cb6       0x14 main.o
                0x0000000008001cb6                unsigned char T_RCC::SetBits<(unsigned char)4, (unsigned char)8, (unsigned char)16>()
 .text.abort    0x0000000008001cca        0xe /usr/local/share/gcc-arm-none-eabi-10-2020-q4-major/bin/../lib/gcc/arm-none-eabi/10.2.1/../../../../arm-none-eabi/lib/thumb/v7-m/nofp/libc_nano.a(lib_a-abort.o)
                0x0000000008001cca                abort
 .text.__libc_init_array
                0x0000000008001cd8       0x48 /usr/local/share/gcc-arm-none-eabi-10-2020-q4-major/bin/../lib/gcc/arm-none-eabi/10.2.1/../../../../arm-none-eabi/lib/thumb/v7-m/nofp/libc_nano.a(lib_a-init.o)
                0x0000000008001cd8                __libc_init_array
 .text.memcpy   0x0000000008001d20       0x1c /usr/local/share/gcc-arm-none-eabi-10-2020-q4-major/bin/../lib/gcc/arm-none-eabi/10.2.1/../../../../arm-none-eabi/lib/thumb/v7-m/nofp/libc_nano.a(lib_a-memcpy-stub.o)
                0x0000000008001d20                memcpy
 .text._raise_r
                0x0000000008001d3c       0x50 /usr/local/share/gcc-arm-none-eabi-10-2020-q4-major/bin/../lib/gcc/arm-none-eabi/10.2.1/../../../../arm-none-eabi/lib/thumb/v7-m/nofp/libc_nano.a(lib_a-signal.o)
                0x0000000008001d3c                _raise_r
 .text.raise    0x0000000008001d8c       0x10 /usr/local/share/gcc-arm-none-eabi-10-2020-q4-major/bin/../lib/gcc/arm-none-eabi/10.2.1/../../../../arm-none-eabi/lib/thumb/v7-m/nofp/libc_nano.a(lib_a-signal.o)
                0x0000000008001d8c                raise
 .text._kill_r  0x0000000008001d9c       0x24 /usr/local/share/gcc-arm-none-eabi-10-2020-q4-major/bin/../lib/gcc/arm-none-eabi/10.2.1/../../../../arm-none-eabi/lib/thumb/v7-m/nofp/libc_nano.a(lib_a-signalr.o)
                0x0000000008001d9c                _kill_r
 .text._getpid_r
                0x0000000008001dc0        0x4 /usr/local/share/gcc-arm-none-eabi-10-2020-q4-major/bin/../lib/gcc/arm-none-eabi/10.2.1/../../../../arm-none-eabi/lib/thumb/v7-m/nofp/libc_nano.a(lib_a-signalr.o)
                0x0000000008001dc0                _getpid_r
 .text._getpid  0x0000000008001dc4       0x10 /usr/local/share/gcc-arm-none-eabi-10-2020-q4-major/bin/../lib/gcc/arm-none-eabi/10.2.1/../../../../arm-none-eabi/lib/thumb/v7-m/nofp/libnosys.a(getpid.o)
                0x0000000008001dc4                _getpid
 .text._kill    0x0000000008001dd4       0x10 /usr/local/share/gcc-arm-none-eabi-10-2020-q4-major/bin/../lib/gcc/arm-none-eabi/10.2.1/../../../../arm-none-eabi/lib/thumb/v7-m/nofp/libnosys.a(kill.o)
                0x0000000008001dd4                _kill
 .text._exit    0x0000000008001de4        0x4 /usr/local/share/gcc-arm-none-eabi-10-2020-q4-major/bin/../lib/gcc/arm-none-eabi/10.2.1/../../../../arm-none-eabi/lib/thumb/v7-m/nofp/libnosys.a(_exit.o)
                0x0000000008001de4                _exit
 *(.glue_7)
 .glue_7        0x0000000008001de8        0x0 linker stubs
 *(.glue_7t)
 .glue_7t       0x0000000008001de8        0x0 linker stubs
 *(.eh_frame)
 .eh_frame      0x0000000008001de8        0x0 /usr/local/share/gcc-arm-none-eabi-10-2020-q4-major/bin/../lib/gcc/arm-none-eabi/10.2.1/thumb/v7-m/nofp/crtbegin.o
 *(.init)
 .init          0x0000000008001de8        0x4 /usr/local/share/gcc-arm-none-eabi-10-2020-q4-major/bin/../lib/gcc/arm-none-eabi/10.2.1/thumb/v7-m/nofp/crti.o
                0x0000000008001de8                _init
 .init          0x0000000008001dec        0x8 /usr/local/share/gcc-arm-none-eabi-10-2020-q4-major/bin/../lib/gcc/arm-none-eabi/10.2.1/thumb/v7-m/nofp/crtn.o
 *(.fini)
 .fini          0x0000000008001df4        0x4 /usr/local/share/gcc-arm-none-eabi-10-2020-q4-major/bin/../lib/gcc/arm-none-eabi/10.2.1/thumb/v7-m/nofp/crti.o
                0x0000000008001df4                _fini
 .fini          0x0000000008001df8        0x8 /usr/local/share/gcc-arm-none-eabi-10-2020-q4-major/bin/../lib/gcc/arm-none-eabi/10.2.1/thumb/v7-m/nofp/crtn.o
                0x0000000008001e00                . = ALIGN (0x4)
                0x0000000008001e00                _etext = .

.vfp11_veneer   0x0000000008001e00        0x0
 .vfp11_veneer  0x0000000008001e00        0x0 linker stubs

.v4_bx          0x0000000008001e00        0x0
 .v4_bx         0x0000000008001e00        0x0 linker stubs

.iplt           0x0000000008001e00        0x0
 .iplt          0x0000000008001e00        0x0 /usr/local/share/gcc-arm-none-eabi-10-2020-q4-major/bin/../lib/gcc/arm-none-eabi/10.2.1/thumb/v7-m/nofp/crtbegin.o

.rodata         0x0000000008001e00       0x14
                0x0000000008001e00                . = ALIGN (0x4)
 *(.rodata)
 .rodata        0x0000000008001e00        0xc main.o
 *(.rodata*)
 .rodata.APBPrescTable
                0x0000000008001e0c        0x8 mcu/stm32f103c8t6/core/system_stm32f1xx.o
                0x0000000008001e0c                APBPrescTable
                0x0000000008001e14                . = ALIGN (0x4)

.ARM.extab      0x0000000008001e14       0x3c
 *(.ARM.extab* .gnu.linkonce.armextab.*)
 .ARM.extab.text._ZNK9rom_class3fooEv
                0x0000000008001e14        0x0 main.o
 .ARM.extab     0x0000000008001e14       0x24 main.o
 .ARM.extab.text._ZN5T_RCC6PortOnIJL5Gport4ELS1_8ELS1_16EEEEvv
                0x0000000008001e38        0x0 main.o
 .ARM.extab.text._ZN5T_RCC7SetBitsIJLh4ELh8ELh16EEEEhv
                0x0000000008001e38        0x0 main.o
 .ARM.extab     0x0000000008001e38       0x18 /usr/local/share/gcc-arm-none-eabi-10-2020-q4-major/bin/../lib/gcc/arm-none-eabi/10.2.1/thumb/v7-m/nofp/libgcc.a(pr-support.o)

.ARM            0x0000000008001e50       0xd8
                0x0000000008001e50                __exidx_start = .
 *(.ARM.exidx*)
 .ARM.exidx.text._ZNK9rom_class3fooEv
                0x0000000008001f28        0x0 main.o
                                          0x8 (size before relaxing)
 .ARM.exidx     0x0000000008001e50       0x20 main.o
 .ARM.exidx.text._ZN5T_RCC6PortOnIJL5Gport4ELS1_8ELS1_16EEEEvv
                0x0000000008001f28        0x0 main.o
                                          0x8 (size before relaxing)
 .ARM.exidx.text._ZN5T_RCC7SetBitsIJLh4ELh8ELh16EEEEhv
                0x0000000008001f28        0x0 main.o
                                          0x8 (size before relaxing)
 .ARM.exidx     0x0000000008001e70       0x80 /usr/local/share/gcc-arm-none-eabi-10-2020-q4-major/bin/../lib/gcc/arm-none-eabi/10.2.1/thumb/v7-m/nofp/libgcc.a(unwind-arm.o)
                                         0xd8 (size before relaxing)
 .ARM.exidx     0x0000000008001ef0       0x38 /usr/local/share/gcc-arm-none-eabi-10-2020-q4-major/bin/../lib/gcc/arm-none-eabi/10.2.1/thumb/v7-m/nofp/libgcc.a(pr-support.o)
                0x0000000008001f28                __exidx_end = .

.rel.dyn        0x0000000008001f28        0x0
 .rel.iplt      0x0000000008001f28        0x0 /usr/local/share/gcc-arm-none-eabi-10-2020-q4-major/bin/../lib/gcc/arm-none-eabi/10.2.1/thumb/v7-m/nofp/crtbegin.o

.preinit_array  0x0000000008001f28        0x0
                0x0000000008001f28                PROVIDE (__preinit_array_start = .)
 *(.preinit_array*)
                0x0000000008001f28                PROVIDE (__preinit_array_end = .)

.init_array     0x0000000008001f28        0x4
                0x0000000008001f28                PROVIDE (__init_array_start = .)
 *(SORT_BY_NAME(.init_array.*))
 *(.init_array*)
 .init_array    0x0000000008001f28        0x4 /usr/local/share/gcc-arm-none-eabi-10-2020-q4-major/bin/../lib/gcc/arm-none-eabi/10.2.1/thumb/v7-m/nofp/crtbegin.o
                0x0000000008001f2c                PROVIDE (__init_array_end = .)

.fini_array     0x0000000008001f2c        0x4
                [!provide]                        PROVIDE (__fini_array_start = .)
 *(SORT_BY_NAME(.fini_array.*))
 *(.fini_array*)
 .fini_array    0x0000000008001f2c        0x4 /usr/local/share/gcc-arm-none-eabi-10-2020-q4-major/bin/../lib/gcc/arm-none-eabi/10.2.1/thumb/v7-m/nofp/crtbegin.o
                [!provide]                        PROVIDE (__fini_array_end = .)
                0x0000000008001f30                _sidata = LOADADDR (.data)

.data           0x0000000020000000       0x78 load address 0x0000000008001f30
                0x0000000020000000                . = ALIGN (0x4)
                0x0000000020000000                _sdata = .
 *(.data)
 .data          0x0000000020000000        0x8 main.o
                0x0000000020000000                ram_glob_var
 *(.data*)
 .data.SystemCoreClock
                0x0000000020000008        0x4 mcu/stm32f103c8t6/core/system_stm32f1xx.o
                0x0000000020000008                SystemCoreClock
 .data.uwTickPrio
                0x000000002000000c        0x4 mcu/stm32f103c8t6/hal/src/stm32f1xx_hal.o
                0x000000002000000c                uwTickPrio
 .data.uwTickFreq
                0x0000000020000010        0x1 mcu/stm32f103c8t6/hal/src/stm32f1xx_hal.o
                0x0000000020000010                uwTickFreq
 *fill*         0x0000000020000011        0x3 
 .data._impure_ptr
                0x0000000020000014        0x4 /usr/local/share/gcc-arm-none-eabi-10-2020-q4-major/bin/../lib/gcc/arm-none-eabi/10.2.1/../../../../arm-none-eabi/lib/thumb/v7-m/nofp/libc_nano.a(lib_a-impure.o)
                0x0000000020000014                _impure_ptr
 .data.impure_data
                0x0000000020000018       0x60 /usr/local/share/gcc-arm-none-eabi-10-2020-q4-major/bin/../lib/gcc/arm-none-eabi/10.2.1/../../../../arm-none-eabi/lib/thumb/v7-m/nofp/libc_nano.a(lib_a-impure.o)
                0x0000000020000078                . = ALIGN (0x4)
                0x0000000020000078                _edata = .

.igot.plt       0x0000000020000078        0x0 load address 0x0000000008001fa8
 .igot.plt      0x0000000020000078        0x0 /usr/local/share/gcc-arm-none-eabi-10-2020-q4-major/bin/../lib/gcc/arm-none-eabi/10.2.1/thumb/v7-m/nofp/crtbegin.o
                0x0000000020000078                . = ALIGN (0x4)

.bss            0x0000000020000078       0x74 load address 0x0000000008001fa8
                0x0000000020000078                _sbss = .
                0x0000000020000078                __bss_start__ = _sbss
 *(.bss)
 .bss           0x0000000020000078       0x1c /usr/local/share/gcc-arm-none-eabi-10-2020-q4-major/bin/../lib/gcc/arm-none-eabi/10.2.1/thumb/v7-m/nofp/crtbegin.o
 .bss           0x0000000020000094       0x50 main.o
                0x0000000020000094                ptr1
                0x0000000020000098                ptr2
                0x000000002000009c                ptr3
                0x00000000200000a0                UART1_InitStructure
 *(.bss*)
 .bss.uwTick    0x00000000200000e4        0x4 mcu/stm32f103c8t6/hal/src/stm32f1xx_hal.o
                0x00000000200000e4                uwTick
 .bss.errno     0x00000000200000e8        0x4 /usr/local/share/gcc-arm-none-eabi-10-2020-q4-major/bin/../lib/gcc/arm-none-eabi/10.2.1/../../../../arm-none-eabi/lib/thumb/v7-m/nofp/libc_nano.a(lib_a-reent.o)
                0x00000000200000e8                errno
 *(COMMON)
                0x00000000200000ec                . = ALIGN (0x4)
                0x00000000200000ec                _ebss = .
                0x00000000200000ec                __bss_end__ = _ebss

._user_heap_stack
                0x00000000200000ec      0x604 load address 0x0000000008001fa8
                0x00000000200000f0                . = ALIGN (0x8)
 *fill*         0x00000000200000ec        0x4 
                0x00000000200000f0                PROVIDE (end = .)
                [!provide]                        PROVIDE (_end = .)
                0x00000000200002f0                . = (. + _Min_Heap_Size)
 *fill*         0x00000000200000f0      0x200 
                0x00000000200006f0                . = (. + _Min_Stack_Size)
 *fill*         0x00000000200002f0      0x400 
                0x00000000200006f0                . = ALIGN (0x8)

/DISCARD/
 libc.a(*)
 libm.a(*)
 libgcc.a(*)

.ARM.attributes
                0x0000000000000000       0x29
 *(.ARM.attributes)
 .ARM.attributes
                0x0000000000000000       0x1d /usr/local/share/gcc-arm-none-eabi-10-2020-q4-major/bin/../lib/gcc/arm-none-eabi/10.2.1/thumb/v7-m/nofp/crti.o
 .ARM.attributes
                0x000000000000001d       0x2d /usr/local/share/gcc-arm-none-eabi-10-2020-q4-major/bin/../lib/gcc/arm-none-eabi/10.2.1/thumb/v7-m/nofp/crtbegin.o
 .ARM.attributes
                0x000000000000004a       0x21 mcu/stm32f103c8t6/core/startup_stm32f103xb.o
 .ARM.attributes
                0x000000000000006b       0x2b mcu/stm32f103c8t6/core/system_stm32f1xx.o
 .ARM.attributes
                0x0000000000000096       0x2b mcu/stm32f103c8t6/hal/src/stm32f1xx_hal.o
 .ARM.attributes
                0x00000000000000c1       0x2b mcu/stm32f103c8t6/hal/src/stm32f1xx_hal_rcc.o
 .ARM.attributes
                0x00000000000000ec       0x2b mcu/stm32f103c8t6/hal/src/stm32f1xx_hal_gpio.o
 .ARM.attributes
                0x0000000000000117       0x2b mcu/stm32f103c8t6/hal/src/stm32f1xx_hal_uart.o
 .ARM.attributes
                0x0000000000000142       0x2b mcu/stm32f103c8t6/hal/src/stm32f1xx_hal_cortex.o
 .ARM.attributes
                0x000000000000016d       0x2b main.o
 .ARM.attributes
                0x0000000000000198       0x2d /usr/local/share/gcc-arm-none-eabi-10-2020-q4-major/bin/../lib/gcc/arm-none-eabi/10.2.1/thumb/v7-m/nofp/libgcc.a(unwind-arm.o)
 .ARM.attributes
                0x00000000000001c5       0x1d /usr/local/share/gcc-arm-none-eabi-10-2020-q4-major/bin/../lib/gcc/arm-none-eabi/10.2.1/thumb/v7-m/nofp/libgcc.a(libunwind.o)
 .ARM.attributes
                0x00000000000001e2       0x2d /usr/local/share/gcc-arm-none-eabi-10-2020-q4-major/bin/../lib/gcc/arm-none-eabi/10.2.1/thumb/v7-m/nofp/libgcc.a(pr-support.o)
 .ARM.attributes
                0x000000000000020f       0x2d /usr/local/share/gcc-arm-none-eabi-10-2020-q4-major/bin/../lib/gcc/arm-none-eabi/10.2.1/../../../../arm-none-eabi/lib/thumb/v7-m/nofp/libc_nano.a(lib_a-abort.o)
 .ARM.attributes
                0x000000000000023c       0x2d /usr/local/share/gcc-arm-none-eabi-10-2020-q4-major/bin/../lib/gcc/arm-none-eabi/10.2.1/../../../../arm-none-eabi/lib/thumb/v7-m/nofp/libc_nano.a(lib_a-impure.o)
 .ARM.attributes
                0x0000000000000269       0x2d /usr/local/share/gcc-arm-none-eabi-10-2020-q4-major/bin/../lib/gcc/arm-none-eabi/10.2.1/../../../../arm-none-eabi/lib/thumb/v7-m/nofp/libc_nano.a(lib_a-init.o)
 .ARM.attributes
                0x0000000000000296       0x2d /usr/local/share/gcc-arm-none-eabi-10-2020-q4-major/bin/../lib/gcc/arm-none-eabi/10.2.1/../../../../arm-none-eabi/lib/thumb/v7-m/nofp/libc_nano.a(lib_a-memcpy-stub.o)
 .ARM.attributes
                0x00000000000002c3       0x2d /usr/local/share/gcc-arm-none-eabi-10-2020-q4-major/bin/../lib/gcc/arm-none-eabi/10.2.1/../../../../arm-none-eabi/lib/thumb/v7-m/nofp/libc_nano.a(lib_a-signal.o)
 .ARM.attributes
                0x00000000000002f0       0x2d /usr/local/share/gcc-arm-none-eabi-10-2020-q4-major/bin/../lib/gcc/arm-none-eabi/10.2.1/../../../../arm-none-eabi/lib/thumb/v7-m/nofp/libc_nano.a(lib_a-signalr.o)
 .ARM.attributes
                0x000000000000031d       0x2d /usr/local/share/gcc-arm-none-eabi-10-2020-q4-major/bin/../lib/gcc/arm-none-eabi/10.2.1/../../../../arm-none-eabi/lib/thumb/v7-m/nofp/libc_nano.a(lib_a-reent.o)
 .ARM.attributes
                0x000000000000034a       0x2d /usr/local/share/gcc-arm-none-eabi-10-2020-q4-major/bin/../lib/gcc/arm-none-eabi/10.2.1/../../../../arm-none-eabi/lib/thumb/v7-m/nofp/libnosys.a(getpid.o)
 .ARM.attributes
                0x0000000000000377       0x2d /usr/local/share/gcc-arm-none-eabi-10-2020-q4-major/bin/../lib/gcc/arm-none-eabi/10.2.1/../../../../arm-none-eabi/lib/thumb/v7-m/nofp/libnosys.a(kill.o)
 .ARM.attributes
                0x00000000000003a4       0x2d /usr/local/share/gcc-arm-none-eabi-10-2020-q4-major/bin/../lib/gcc/arm-none-eabi/10.2.1/../../../../arm-none-eabi/lib/thumb/v7-m/nofp/libnosys.a(_exit.o)
 .ARM.attributes
                0x00000000000003d1       0x1d /usr/local/share/gcc-arm-none-eabi-10-2020-q4-major/bin/../lib/gcc/arm-none-eabi/10.2.1/thumb/v7-m/nofp/crtn.o
OUTPUT(build/test.elf elf32-littlearm)
LOAD linker stubs
LOAD /usr/local/share/gcc-arm-none-eabi-10-2020-q4-major/bin/../lib/gcc/arm-none-eabi/10.2.1/../../../../arm-none-eabi/lib/thumb/v7-m/nofp/libc.a
LOAD /usr/local/share/gcc-arm-none-eabi-10-2020-q4-major/bin/../lib/gcc/arm-none-eabi/10.2.1/../../../../arm-none-eabi/lib/thumb/v7-m/nofp/libm.a
LOAD /usr/local/share/gcc-arm-none-eabi-10-2020-q4-major/bin/../lib/gcc/arm-none-eabi/10.2.1/thumb/v7-m/nofp/libgcc.a

.debug_info     0x0000000000000000     0x467d
 .debug_info    0x0000000000000000      0x261 mcu/stm32f103c8t6/core/system_stm32f1xx.o
 .debug_info    0x0000000000000261      0x6f3 mcu/stm32f103c8t6/hal/src/stm32f1xx_hal.o
 .debug_info    0x0000000000000954      0x943 mcu/stm32f103c8t6/hal/src/stm32f1xx_hal_rcc.o
 .debug_info    0x0000000000001297      0x67d mcu/stm32f103c8t6/hal/src/stm32f1xx_hal_gpio.o
 .debug_info    0x0000000000001914     0x13bb mcu/stm32f103c8t6/hal/src/stm32f1xx_hal_uart.o
 .debug_info    0x0000000000002ccf      0xbf5 mcu/stm32f103c8t6/hal/src/stm32f1xx_hal_cortex.o
 .debug_info    0x00000000000038c4      0xdb9 main.o

.debug_abbrev   0x0000000000000000      0xf5e
 .debug_abbrev  0x0000000000000000      0x13a mcu/stm32f103c8t6/core/system_stm32f1xx.o
 .debug_abbrev  0x000000000000013a      0x1c7 mcu/stm32f103c8t6/hal/src/stm32f1xx_hal.o
 .debug_abbrev  0x0000000000000301      0x297 mcu/stm32f103c8t6/hal/src/stm32f1xx_hal_rcc.o
 .debug_abbrev  0x0000000000000598      0x1ba mcu/stm32f103c8t6/hal/src/stm32f1xx_hal_gpio.o
 .debug_abbrev  0x0000000000000752      0x230 mcu/stm32f103c8t6/hal/src/stm32f1xx_hal_uart.o
 .debug_abbrev  0x0000000000000982      0x2ca mcu/stm32f103c8t6/hal/src/stm32f1xx_hal_cortex.o
 .debug_abbrev  0x0000000000000c4c      0x312 main.o

.debug_loc      0x0000000000000000     0x2ba4
 .debug_loc     0x0000000000000000       0xa0 mcu/stm32f103c8t6/core/system_stm32f1xx.o
 .debug_loc     0x00000000000000a0      0x698 mcu/stm32f103c8t6/hal/src/stm32f1xx_hal.o
 .debug_loc     0x0000000000000738      0x444 mcu/stm32f103c8t6/hal/src/stm32f1xx_hal_rcc.o
 .debug_loc     0x0000000000000b7c      0x2d4 mcu/stm32f103c8t6/hal/src/stm32f1xx_hal_gpio.o
 .debug_loc     0x0000000000000e50     0x1250 mcu/stm32f103c8t6/hal/src/stm32f1xx_hal_uart.o
 .debug_loc     0x00000000000020a0      0x8f8 mcu/stm32f103c8t6/hal/src/stm32f1xx_hal_cortex.o
 .debug_loc     0x0000000000002998      0x20c main.o

.debug_aranges  0x0000000000000000      0x4f8
 .debug_aranges
                0x0000000000000000       0x28 mcu/stm32f103c8t6/core/system_stm32f1xx.o
 .debug_aranges
                0x0000000000000028       0xe0 mcu/stm32f103c8t6/hal/src/stm32f1xx_hal.o
 .debug_aranges
                0x0000000000000108       0x90 mcu/stm32f103c8t6/hal/src/stm32f1xx_hal_rcc.o
 .debug_aranges
                0x0000000000000198       0x58 mcu/stm32f103c8t6/hal/src/stm32f1xx_hal_gpio.o
 .debug_aranges
                0x00000000000001f0      0x1d0 mcu/stm32f103c8t6/hal/src/stm32f1xx_hal_uart.o
 .debug_aranges
                0x00000000000003c0      0x100 mcu/stm32f103c8t6/hal/src/stm32f1xx_hal_cortex.o
 .debug_aranges
                0x00000000000004c0       0x38 main.o

.debug_ranges   0x0000000000000000      0x488
 .debug_ranges  0x0000000000000000       0x18 mcu/stm32f103c8t6/core/system_stm32f1xx.o
 .debug_ranges  0x0000000000000018       0xd0 mcu/stm32f103c8t6/hal/src/stm32f1xx_hal.o
 .debug_ranges  0x00000000000000e8       0x80 mcu/stm32f103c8t6/hal/src/stm32f1xx_hal_rcc.o
 .debug_ranges  0x0000000000000168       0x48 mcu/stm32f103c8t6/hal/src/stm32f1xx_hal_gpio.o
 .debug_ranges  0x00000000000001b0      0x1c0 mcu/stm32f103c8t6/hal/src/stm32f1xx_hal_uart.o
 .debug_ranges  0x0000000000000370       0xf0 mcu/stm32f103c8t6/hal/src/stm32f1xx_hal_cortex.o
 .debug_ranges  0x0000000000000460       0x28 main.o

.debug_line     0x0000000000000000     0x2ebc
 .debug_line    0x0000000000000000      0x1e3 mcu/stm32f103c8t6/core/system_stm32f1xx.o
 .debug_line    0x00000000000001e3      0x454 mcu/stm32f103c8t6/hal/src/stm32f1xx_hal.o
 .debug_line    0x0000000000000637      0x8b3 mcu/stm32f103c8t6/hal/src/stm32f1xx_hal_rcc.o
 .debug_line    0x0000000000000eea      0x4cd mcu/stm32f103c8t6/hal/src/stm32f1xx_hal_gpio.o
 .debug_line    0x00000000000013b7     0x1266 mcu/stm32f103c8t6/hal/src/stm32f1xx_hal_uart.o
 .debug_line    0x000000000000261d      0x5f2 mcu/stm32f103c8t6/hal/src/stm32f1xx_hal_cortex.o
 .debug_line    0x0000000000002c0f      0x2ad main.o

.debug_str      0x0000000000000000     0x1c86
 .debug_str     0x0000000000000000      0x20e mcu/stm32f103c8t6/core/system_stm32f1xx.o
                                        0x265 (size before relaxing)
 .debug_str     0x000000000000020e      0x5a6 mcu/stm32f103c8t6/hal/src/stm32f1xx_hal.o
                                        0x7b2 (size before relaxing)
 .debug_str     0x00000000000007b4      0x390 mcu/stm32f103c8t6/hal/src/stm32f1xx_hal_rcc.o
                                        0x630 (size before relaxing)
 .debug_str     0x0000000000000b44      0x18a mcu/stm32f103c8t6/hal/src/stm32f1xx_hal_gpio.o
                                        0x3fc (size before relaxing)
 .debug_str     0x0000000000000cce      0x81d mcu/stm32f103c8t6/hal/src/stm32f1xx_hal_uart.o
                                        0xb27 (size before relaxing)
 .debug_str     0x00000000000014eb      0x3f6 mcu/stm32f103c8t6/hal/src/stm32f1xx_hal_cortex.o
                                        0x8cf (size before relaxing)
 .debug_str     0x00000000000018e1      0x3a5 main.o
                                        0xc60 (size before relaxing)

.comment        0x0000000000000000       0x4d
 .comment       0x0000000000000000       0x4d mcu/stm32f103c8t6/core/system_stm32f1xx.o
                                         0x4e (size before relaxing)
 .comment       0x000000000000004d       0x4e mcu/stm32f103c8t6/hal/src/stm32f1xx_hal.o
 .comment       0x000000000000004d       0x4e mcu/stm32f103c8t6/hal/src/stm32f1xx_hal_rcc.o
 .comment       0x000000000000004d       0x4e mcu/stm32f103c8t6/hal/src/stm32f1xx_hal_gpio.o
 .comment       0x000000000000004d       0x4e mcu/stm32f103c8t6/hal/src/stm32f1xx_hal_uart.o
 .comment       0x000000000000004d       0x4e mcu/stm32f103c8t6/hal/src/stm32f1xx_hal_cortex.o
 .comment       0x000000000000004d       0x4e main.o

.debug_frame    0x0000000000000000     0x1a6c
 .debug_frame   0x0000000000000000       0x58 mcu/stm32f103c8t6/core/system_stm32f1xx.o
 .debug_frame   0x0000000000000058      0x334 mcu/stm32f103c8t6/hal/src/stm32f1xx_hal.o
 .debug_frame   0x000000000000038c      0x21c mcu/stm32f103c8t6/hal/src/stm32f1xx_hal_rcc.o
 .debug_frame   0x00000000000005a8      0x14c mcu/stm32f103c8t6/hal/src/stm32f1xx_hal_gpio.o
 .debug_frame   0x00000000000006f4      0x834 mcu/stm32f103c8t6/hal/src/stm32f1xx_hal_uart.o
 .debug_frame   0x0000000000000f28      0x428 mcu/stm32f103c8t6/hal/src/stm32f1xx_hal_cortex.o
 .debug_frame   0x0000000000001350      0x108 main.o
 .debug_frame   0x0000000000001458      0x2e0 /usr/local/share/gcc-arm-none-eabi-10-2020-q4-major/bin/../lib/gcc/arm-none-eabi/10.2.1/thumb/v7-m/nofp/libgcc.a(unwind-arm.o)
 .debug_frame   0x0000000000001738       0xf4 /usr/local/share/gcc-arm-none-eabi-10-2020-q4-major/bin/../lib/gcc/arm-none-eabi/10.2.1/thumb/v7-m/nofp/libgcc.a(pr-support.o)
 .debug_frame   0x000000000000182c       0x28 /usr/local/share/gcc-arm-none-eabi-10-2020-q4-major/bin/../lib/gcc/arm-none-eabi/10.2.1/../../../../arm-none-eabi/lib/thumb/v7-m/nofp/libc_nano.a(lib_a-abort.o)
 .debug_frame   0x0000000000001854       0x2c /usr/local/share/gcc-arm-none-eabi-10-2020-q4-major/bin/../lib/gcc/arm-none-eabi/10.2.1/../../../../arm-none-eabi/lib/thumb/v7-m/nofp/libc_nano.a(lib_a-init.o)
 .debug_frame   0x0000000000001880       0x28 /usr/local/share/gcc-arm-none-eabi-10-2020-q4-major/bin/../lib/gcc/arm-none-eabi/10.2.1/../../../../arm-none-eabi/lib/thumb/v7-m/nofp/libc_nano.a(lib_a-memcpy-stub.o)
 .debug_frame   0x00000000000018a8       0xcc /usr/local/share/gcc-arm-none-eabi-10-2020-q4-major/bin/../lib/gcc/arm-none-eabi/10.2.1/../../../../arm-none-eabi/lib/thumb/v7-m/nofp/libc_nano.a(lib_a-signal.o)
 .debug_frame   0x0000000000001974       0x3c /usr/local/share/gcc-arm-none-eabi-10-2020-q4-major/bin/../lib/gcc/arm-none-eabi/10.2.1/../../../../arm-none-eabi/lib/thumb/v7-m/nofp/libc_nano.a(lib_a-signalr.o)
 .debug_frame   0x00000000000019b0       0x5c /usr/local/share/gcc-arm-none-eabi-10-2020-q4-major/bin/../lib/gcc/arm-none-eabi/10.2.1/../../../../arm-none-eabi/lib/thumb/v7-m/nofp/libc_nano.a(lib_a-reent.o)
 .debug_frame   0x0000000000001a0c       0x20 /usr/local/share/gcc-arm-none-eabi-10-2020-q4-major/bin/../lib/gcc/arm-none-eabi/10.2.1/../../../../arm-none-eabi/lib/thumb/v7-m/nofp/libnosys.a(getpid.o)
 .debug_frame   0x0000000000001a2c       0x20 /usr/local/share/gcc-arm-none-eabi-10-2020-q4-major/bin/../lib/gcc/arm-none-eabi/10.2.1/../../../../arm-none-eabi/lib/thumb/v7-m/nofp/libnosys.a(kill.o)
 .debug_frame   0x0000000000001a4c       0x20 /usr/local/share/gcc-arm-none-eabi-10-2020-q4-major/bin/../lib/gcc/arm-none-eabi/10.2.1/../../../../arm-none-eabi/lib/thumb/v7-m/nofp/libnosys.a(_exit.o)

.stab           0x0000000000000000       0x3c
 .stab          0x0000000000000000       0x24 /usr/local/share/gcc-arm-none-eabi-10-2020-q4-major/bin/../lib/gcc/arm-none-eabi/10.2.1/../../../../arm-none-eabi/lib/thumb/v7-m/nofp/libnosys.a(getpid.o)
 .stab          0x0000000000000024       0x18 /usr/local/share/gcc-arm-none-eabi-10-2020-q4-major/bin/../lib/gcc/arm-none-eabi/10.2.1/../../../../arm-none-eabi/lib/thumb/v7-m/nofp/libnosys.a(kill.o)
                                         0x24 (size before relaxing)

.stabstr        0x0000000000000000       0x76
 .stabstr       0x0000000000000000       0x76 /usr/local/share/gcc-arm-none-eabi-10-2020-q4-major/bin/../lib/gcc/arm-none-eabi/10.2.1/../../../../arm-none-eabi/lib/thumb/v7-m/nofp/libnosys.a(getpid.o)
