Archive member included to satisfy reference by file (symbol)

/usr/local/share/gcc-arm-none-eabi-10-2020-q4-major/bin/../lib/gcc/arm-none-eabi/10.2.1/thumb/v7-m/nofp/libgcc.a(unwind-arm.o)
                              main.o (__aeabi_unwind_cpp_pr1)
/usr/local/share/gcc-arm-none-eabi-10-2020-q4-major/bin/../lib/gcc/arm-none-eabi/10.2.1/thumb/v7-m/nofp/libgcc.a(libunwind.o)
                              /usr/local/share/gcc-arm-none-eabi-10-2020-q4-major/bin/../lib/gcc/arm-none-eabi/10.2.1/thumb/v7-m/nofp/libgcc.a(unwind-arm.o) (restore_core_regs)
/usr/local/share/gcc-arm-none-eabi-10-2020-q4-major/bin/../lib/gcc/arm-none-eabi/10.2.1/thumb/v7-m/nofp/libgcc.a(pr-support.o)
                              /usr/local/share/gcc-arm-none-eabi-10-2020-q4-major/bin/../lib/gcc/arm-none-eabi/10.2.1/thumb/v7-m/nofp/libgcc.a(unwind-arm.o) (__gnu_unwind_execute)
/usr/local/share/gcc-arm-none-eabi-10-2020-q4-major/bin/../lib/gcc/arm-none-eabi/10.2.1/../../../../arm-none-eabi/lib/thumb/v7-m/nofp/libc_nano.a(lib_a-abort.o)
                              /usr/local/share/gcc-arm-none-eabi-10-2020-q4-major/bin/../lib/gcc/arm-none-eabi/10.2.1/thumb/v7-m/nofp/libgcc.a(unwind-arm.o) (abort)
/usr/local/share/gcc-arm-none-eabi-10-2020-q4-major/bin/../lib/gcc/arm-none-eabi/10.2.1/../../../../arm-none-eabi/lib/thumb/v7-m/nofp/libc_nano.a(lib_a-exit.o)
                              /usr/local/share/gcc-arm-none-eabi-10-2020-q4-major/bin/../lib/gcc/arm-none-eabi/10.2.1/../../../../arm-none-eabi/lib/thumb/v7-m/nofp/crt0.o (exit)
/usr/local/share/gcc-arm-none-eabi-10-2020-q4-major/bin/../lib/gcc/arm-none-eabi/10.2.1/../../../../arm-none-eabi/lib/thumb/v7-m/nofp/libc_nano.a(lib_a-impure.o)
                              /usr/local/share/gcc-arm-none-eabi-10-2020-q4-major/bin/../lib/gcc/arm-none-eabi/10.2.1/../../../../arm-none-eabi/lib/thumb/v7-m/nofp/libc_nano.a(lib_a-exit.o) (_global_impure_ptr)
/usr/local/share/gcc-arm-none-eabi-10-2020-q4-major/bin/../lib/gcc/arm-none-eabi/10.2.1/../../../../arm-none-eabi/lib/thumb/v7-m/nofp/libc_nano.a(lib_a-init.o)
                              /usr/local/share/gcc-arm-none-eabi-10-2020-q4-major/bin/../lib/gcc/arm-none-eabi/10.2.1/../../../../arm-none-eabi/lib/thumb/v7-m/nofp/crt0.o (__libc_init_array)
/usr/local/share/gcc-arm-none-eabi-10-2020-q4-major/bin/../lib/gcc/arm-none-eabi/10.2.1/../../../../arm-none-eabi/lib/thumb/v7-m/nofp/libc_nano.a(lib_a-memcpy-stub.o)
                              /usr/local/share/gcc-arm-none-eabi-10-2020-q4-major/bin/../lib/gcc/arm-none-eabi/10.2.1/thumb/v7-m/nofp/libgcc.a(unwind-arm.o) (memcpy)
/usr/local/share/gcc-arm-none-eabi-10-2020-q4-major/bin/../lib/gcc/arm-none-eabi/10.2.1/../../../../arm-none-eabi/lib/thumb/v7-m/nofp/libc_nano.a(lib_a-memset.o)
                              /usr/local/share/gcc-arm-none-eabi-10-2020-q4-major/bin/../lib/gcc/arm-none-eabi/10.2.1/../../../../arm-none-eabi/lib/thumb/v7-m/nofp/crt0.o (memset)
/usr/local/share/gcc-arm-none-eabi-10-2020-q4-major/bin/../lib/gcc/arm-none-eabi/10.2.1/../../../../arm-none-eabi/lib/thumb/v7-m/nofp/libc_nano.a(lib_a-signal.o)
                              /usr/local/share/gcc-arm-none-eabi-10-2020-q4-major/bin/../lib/gcc/arm-none-eabi/10.2.1/../../../../arm-none-eabi/lib/thumb/v7-m/nofp/libc_nano.a(lib_a-abort.o) (raise)
/usr/local/share/gcc-arm-none-eabi-10-2020-q4-major/bin/../lib/gcc/arm-none-eabi/10.2.1/../../../../arm-none-eabi/lib/thumb/v7-m/nofp/libc_nano.a(lib_a-signalr.o)
                              /usr/local/share/gcc-arm-none-eabi-10-2020-q4-major/bin/../lib/gcc/arm-none-eabi/10.2.1/../../../../arm-none-eabi/lib/thumb/v7-m/nofp/libc_nano.a(lib_a-signal.o) (_kill_r)
/usr/local/share/gcc-arm-none-eabi-10-2020-q4-major/bin/../lib/gcc/arm-none-eabi/10.2.1/../../../../arm-none-eabi/lib/thumb/v7-m/nofp/libc_nano.a(lib_a-nano-mallocr.o)
                              /usr/local/share/gcc-arm-none-eabi-10-2020-q4-major/bin/../lib/gcc/arm-none-eabi/10.2.1/../../../../arm-none-eabi/lib/thumb/v7-m/nofp/libc_nano.a(lib_a-signal.o) (_malloc_r)
/usr/local/share/gcc-arm-none-eabi-10-2020-q4-major/bin/../lib/gcc/arm-none-eabi/10.2.1/../../../../arm-none-eabi/lib/thumb/v7-m/nofp/libc_nano.a(lib_a-reent.o)
                              /usr/local/share/gcc-arm-none-eabi-10-2020-q4-major/bin/../lib/gcc/arm-none-eabi/10.2.1/../../../../arm-none-eabi/lib/thumb/v7-m/nofp/libc_nano.a(lib_a-signalr.o) (errno)
/usr/local/share/gcc-arm-none-eabi-10-2020-q4-major/bin/../lib/gcc/arm-none-eabi/10.2.1/../../../../arm-none-eabi/lib/thumb/v7-m/nofp/libc_nano.a(lib_a-sbrkr.o)
                              /usr/local/share/gcc-arm-none-eabi-10-2020-q4-major/bin/../lib/gcc/arm-none-eabi/10.2.1/../../../../arm-none-eabi/lib/thumb/v7-m/nofp/libc_nano.a(lib_a-nano-mallocr.o) (_sbrk_r)
/usr/local/share/gcc-arm-none-eabi-10-2020-q4-major/bin/../lib/gcc/arm-none-eabi/10.2.1/../../../../arm-none-eabi/lib/thumb/v7-m/nofp/libc_nano.a(lib_a-mlock.o)
[...]
Memory Configuration

Name             Origin             Length             Attributes
FLASH            0x0000000008000000 0x0000000000020000 xr
RAM              0x0000000020000000 0x0000000000005000 xrw
*default*        0x0000000000000000 0xffffffffffffffff

Linker script and memory map

LOAD /usr/local/share/gcc-arm-none-eabi-10-2020-q4-major/bin/../lib/gcc/arm-none-eabi/10.2.1/thumb/v7-m/nofp/crti.o
LOAD /usr/local/share/gcc-arm-none-eabi-10-2020-q4-major/bin/../lib/gcc/arm-none-eabi/10.2.1/thumb/v7-m/nofp/crtbegin.o
LOAD /usr/local/share/gcc-arm-none-eabi-10-2020-q4-major/bin/../lib/gcc/arm-none-eabi/10.2.1/../../../../arm-none-eabi/lib/thumb/v7-m/nofp/crt0.o
LOAD mcu/stm32f103c8t6/core/startup_stm32f103xb.o
LOAD mcu/stm32f103c8t6/core/system_stm32f1xx.o
LOAD mcu/stm32f103c8t6/hal/src/stm32f1xx_hal_cec.o
LOAD mcu/stm32f103c8t6/hal/src/stm32f1xx_hal_wwdg.o
LOAD mcu/stm32f103c8t6/hal/src/stm32f1xx_hal_dac_ex.o
LOAD mcu/stm32f103c8t6/hal/src/stm32f1xx_ll_exti.o
LOAD mcu/stm32f103c8t6/hal/src/stm32f1xx_ll_fsmc.o
LOAD mcu/stm32f103c8t6/hal/src/stm32f1xx_hal_timebase_rtc_alarm_template.o
LOAD mcu/stm32f103c8t6/hal/src/stm32f1xx_hal_hcd.o
LOAD mcu/stm32f103c8t6/hal/src/stm32f1xx_ll_rtc.o
LOAD mcu/stm32f103c8t6/hal/src/stm32f1xx_ll_pwr.o
LOAD mcu/stm32f103c8t6/hal/src/stm32f1xx_hal_pccard.o
LOAD mcu/stm32f103c8t6/hal/src/stm32f1xx_hal_exti.o
LOAD mcu/stm32f103c8t6/hal/src/stm32f1xx_ll_rcc.o
LOAD mcu/stm32f103c8t6/hal/src/stm32f1xx_ll_crc.o
LOAD mcu/stm32f103c8t6/hal/src/stm32f1xx_hal_rtc.o
LOAD mcu/stm32f103c8t6/hal/src/stm32f1xx_hal_pwr.o
LOAD mcu/stm32f103c8t6/hal/src/stm32f1xx_hal_eth.o
LOAD mcu/stm32f103c8t6/hal/src/stm32f1xx_hal_sd.o
LOAD mcu/stm32f103c8t6/hal/src/stm32f1xx_hal_rcc.o
LOAD mcu/stm32f103c8t6/hal/src/stm32f1xx_hal_msp_template.o
LOAD mcu/stm32f103c8t6/hal/src/stm32f1xx_ll_gpio.o
LOAD mcu/stm32f103c8t6/hal/src/stm32f1xx_hal_tim.o
LOAD mcu/stm32f103c8t6/hal/src/stm32f1xx_hal_pcd.o
LOAD mcu/stm32f103c8t6/hal/src/stm32f1xx_hal_i2c.o
LOAD mcu/stm32f103c8t6/hal/src/stm32f1xx_hal_usart.o
LOAD mcu/stm32f103c8t6/hal/src/stm32f1xx_hal.o
LOAD mcu/stm32f103c8t6/hal/src/stm32f1xx_hal_flash.o
LOAD mcu/stm32f103c8t6/hal/src/stm32f1xx_ll_dac.o
LOAD mcu/stm32f103c8t6/hal/src/stm32f1xx_hal_adc.o
LOAD mcu/stm32f103c8t6/hal/src/stm32f1xx_hal_gpio.o
LOAD mcu/stm32f103c8t6/hal/src/stm32f1xx_hal_timebase_tim_template.o
LOAD mcu/stm32f103c8t6/hal/src/stm32f1xx_hal_crc.o
LOAD mcu/stm32f103c8t6/hal/src/stm32f1xx_hal_dac.o
LOAD mcu/stm32f103c8t6/hal/src/stm32f1xx_hal_can.o
LOAD mcu/stm32f103c8t6/hal/src/stm32f1xx_hal_nand.o
LOAD mcu/stm32f103c8t6/hal/src/stm32f1xx_hal_dma.o
LOAD mcu/stm32f103c8t6/hal/src/stm32f1xx_hal_sram.o
LOAD mcu/stm32f103c8t6/hal/src/stm32f1xx_hal_nor.o
LOAD mcu/stm32f103c8t6/hal/src/stm32f1xx_ll_spi.o
LOAD mcu/stm32f103c8t6/hal/src/stm32f1xx_hal_irda.o
LOAD mcu/stm32f103c8t6/hal/src/stm32f1xx_ll_usb.o
LOAD mcu/stm32f103c8t6/hal/src/stm32f1xx_ll_i2c.o
LOAD mcu/stm32f103c8t6/hal/src/stm32f1xx_hal_smartcard.o
LOAD mcu/stm32f103c8t6/hal/src/stm32f1xx_hal_uart.o
LOAD mcu/stm32f103c8t6/hal/src/stm32f1xx_hal_spi.o
LOAD mcu/stm32f103c8t6/hal/src/stm32f1xx_hal_mmc.o
LOAD mcu/stm32f103c8t6/hal/src/stm32f1xx_ll_sdmmc.o
LOAD mcu/stm32f103c8t6/hal/src/stm32f1xx_hal_cortex.o
LOAD mcu/stm32f103c8t6/hal/src/stm32f1xx_ll_tim.o
LOAD mcu/stm32f103c8t6/hal/src/stm32f1xx_hal_iwdg.o
LOAD mcu/stm32f103c8t6/hal/src/stm32f1xx_ll_usart.o
LOAD mcu/stm32f103c8t6/hal/src/stm32f1xx_hal_i2s.o
LOAD mcu/stm32f103c8t6/hal/src/stm32f1xx_ll_adc.o
LOAD mcu/stm32f103c8t6/hal/src/stm32f1xx_hal_flash_ex.o
LOAD mcu/stm32f103c8t6/hal/src/stm32f1xx_hal_rtc_ex.o
LOAD mcu/stm32f103c8t6/hal/src/stm32f1xx_hal_rcc_ex.o
LOAD mcu/stm32f103c8t6/hal/src/stm32f1xx_hal_pcd_ex.o
LOAD mcu/stm32f103c8t6/hal/src/stm32f1xx_ll_dma.o
LOAD mcu/stm32f103c8t6/hal/src/stm32f1xx_hal_tim_ex.o
LOAD mcu/stm32f103c8t6/hal/src/stm32f1xx_hal_adc_ex.o
LOAD mcu/stm32f103c8t6/hal/src/stm32f1xx_hal_gpio_ex.o
LOAD mcu/stm32f103c8t6/hal/src/stm32f1xx_ll_utils.o
LOAD main.o
START GROUP
LOAD /usr/local/share/gcc-arm-none-eabi-10-2020-q4-major/bin/../lib/gcc/arm-none-eabi/10.2.1/thumb/v7-m/nofp/libgcc.a
LOAD /usr/local/share/gcc-arm-none-eabi-10-2020-q4-major/bin/../lib/gcc/arm-none-eabi/10.2.1/../../../../arm-none-eabi/lib/thumb/v7-m/nofp/libc_nano.a
LOAD /usr/local/share/gcc-arm-none-eabi-10-2020-q4-major/bin/../lib/gcc/arm-none-eabi/10.2.1/../../../../arm-none-eabi/lib/thumb/v7-m/nofp/libg_nano.a
END GROUP
START GROUP
LOAD /usr/local/share/gcc-arm-none-eabi-10-2020-q4-major/bin/../lib/gcc/arm-none-eabi/10.2.1/thumb/v7-m/nofp/libgcc.a
LOAD /usr/local/share/gcc-arm-none-eabi-10-2020-q4-major/bin/../lib/gcc/arm-none-eabi/10.2.1/../../../../arm-none-eabi/lib/thumb/v7-m/nofp/libc_nano.a
END GROUP
START GROUP
LOAD /usr/local/share/gcc-arm-none-eabi-10-2020-q4-major/bin/../lib/gcc/arm-none-eabi/10.2.1/thumb/v7-m/nofp/libgcc.a
LOAD /usr/local/share/gcc-arm-none-eabi-10-2020-q4-major/bin/../lib/gcc/arm-none-eabi/10.2.1/../../../../arm-none-eabi/lib/thumb/v7-m/nofp/libc_nano.a
LOAD /usr/local/share/gcc-arm-none-eabi-10-2020-q4-major/bin/../lib/gcc/arm-none-eabi/10.2.1/../../../../arm-none-eabi/lib/thumb/v7-m/nofp/libnosys.a
END GROUP
START GROUP
LOAD /usr/local/share/gcc-arm-none-eabi-10-2020-q4-major/bin/../lib/gcc/arm-none-eabi/10.2.1/thumb/v7-m/nofp/libgcc.a
LOAD /usr/local/share/gcc-arm-none-eabi-10-2020-q4-major/bin/../lib/gcc/arm-none-eabi/10.2.1/../../../../arm-none-eabi/lib/thumb/v7-m/nofp/libc_nano.a
LOAD /usr/local/share/gcc-arm-none-eabi-10-2020-q4-major/bin/../lib/gcc/arm-none-eabi/10.2.1/../../../../arm-none-eabi/lib/thumb/v7-m/nofp/libnosys.a
END GROUP
LOAD /usr/local/share/gcc-arm-none-eabi-10-2020-q4-major/bin/../lib/gcc/arm-none-eabi/10.2.1/thumb/v7-m/nofp/crtend.o
LOAD /usr/local/share/gcc-arm-none-eabi-10-2020-q4-major/bin/../lib/gcc/arm-none-eabi/10.2.1/thumb/v7-m/nofp/crtn.o
                0x0000000020004fff                _estack = 0x20004fff
                0x0000000000000200                _Min_Heap_Size = 0x200
                0x0000000000000400                _Min_Stack_Size = 0x400

.isr_vector     0x0000000008000000      0x10c
                0x0000000008000000                . = ALIGN (0x4)
 *(.isr_vector)
 .isr_vector    0x0000000008000000      0x10c mcu/stm32f103c8t6/core/startup_stm32f103xb.o
                0x0000000008000000                g_pfnVectors
                0x000000000800010c                . = ALIGN (0x4)

.text           0x000000000800010c     0x18a8
                0x000000000800010c                . = ALIGN (0x4)
 *(.text)
 .text          0x000000000800010c       0x40 /usr/local/share/gcc-arm-none-eabi-10-2020-q4-major/bin/../lib/gcc/arm-none-eabi/10.2.1/thumb/v7-m/nofp/crtbegin.o
 .text          0x000000000800014c       0xb0 main.o
                0x000000000800014c                init()
                0x000000000800017c                main
 .text          0x00000000080001fc      0x9e4 /usr/local/share/gcc-arm-none-eabi-10-2020-q4-major/bin/../lib/gcc/arm-none-eabi/10.2.1/thumb/v7-m/nofp/libgcc.a(unwind-arm.o)
                0x00000000080004bc                _Unwind_GetCFA
                0x00000000080004c0                __gnu_Unwind_RaiseException
                0x0000000008000528                __gnu_Unwind_ForcedUnwind
                0x000000000800053c                __gnu_Unwind_Resume
                0x0000000008000580                __gnu_Unwind_Resume_or_Rethrow
                0x0000000008000594                _Unwind_Complete
                0x0000000008000598                _Unwind_DeleteException
                0x00000000080005a4                _Unwind_VRS_Get
                0x00000000080005f0                _Unwind_VRS_Set
                0x0000000008000638                __gnu_Unwind_Backtrace
                0x0000000008000960                __aeabi_unwind_cpp_pr0
                0x0000000008000964                __aeabi_unwind_cpp_pr1
                0x0000000008000968                __aeabi_unwind_cpp_pr2
                0x000000000800096c                _Unwind_VRS_Pop
 .text          0x0000000008000be0      0x1ac /usr/local/share/gcc-arm-none-eabi-10-2020-q4-major/bin/../lib/gcc/arm-none-eabi/10.2.1/thumb/v7-m/nofp/libgcc.a(libunwind.o)
                0x0000000008000be0                __restore_core_regs
                0x0000000008000be0                restore_core_regs
                0x0000000008000bf8                __gnu_Unwind_Restore_VFP
                0x0000000008000c00                __gnu_Unwind_Save_VFP
                0x0000000008000c08                __gnu_Unwind_Restore_VFP_D
                0x0000000008000c10                __gnu_Unwind_Save_VFP_D
                0x0000000008000c18                __gnu_Unwind_Restore_VFP_D_16_to_31
                0x0000000008000c20                __gnu_Unwind_Save_VFP_D_16_to_31
                0x0000000008000c28                __gnu_Unwind_Restore_WMMXD
                0x0000000008000c6c                __gnu_Unwind_Save_WMMXD
                0x0000000008000cb0                __gnu_Unwind_Restore_WMMXC
                0x0000000008000cc4                __gnu_Unwind_Save_WMMXC
                0x0000000008000cd8                ___Unwind_RaiseException
                0x0000000008000cd8                _Unwind_RaiseException
                0x0000000008000cfc                ___Unwind_Resume
                0x0000000008000cfc                _Unwind_Resume
                0x0000000008000d20                _Unwind_Resume_or_Rethrow
                0x0000000008000d20                ___Unwind_Resume_or_Rethrow
                0x0000000008000d44                ___Unwind_ForcedUnwind
                0x0000000008000d44                _Unwind_ForcedUnwind
                0x0000000008000d68                _Unwind_Backtrace
                0x0000000008000d68                ___Unwind_Backtrace
 .text          0x0000000008000d8c      0x38c /usr/local/share/gcc-arm-none-eabi-10-2020-q4-major/bin/../lib/gcc/arm-none-eabi/10.2.1/thumb/v7-m/nofp/libgcc.a(pr-support.o)
                0x0000000008000de4                __gnu_unwind_execute
                0x00000000080010c8                __gnu_unwind_frame
                0x00000000080010f8                _Unwind_GetRegionStart
                0x0000000008001104                _Unwind_GetLanguageSpecificData
 *(.text*)
 .text.Reset_Handler
                0x0000000008001118       0x48 mcu/stm32f103c8t6/core/startup_stm32f103xb.o
                0x0000000008001118                Reset_Handler
 .text.Default_Handler
                0x0000000008001160        0x2 mcu/stm32f103c8t6/core/startup_stm32f103xb.o
                0x0000000008001160                EXTI2_IRQHandler
                0x0000000008001160                DebugMon_Handler
                0x0000000008001160                TIM1_CC_IRQHandler
                0x0000000008001160                HardFault_Handler
                0x0000000008001160                SysTick_Handler
                0x0000000008001160                PVD_IRQHandler
                0x0000000008001160                PendSV_Handler
                0x0000000008001160                NMI_Handler
                0x0000000008001160                EXTI3_IRQHandler
                0x0000000008001160                EXTI0_IRQHandler
                0x0000000008001160                I2C2_EV_IRQHandler
                0x0000000008001160                UsageFault_Handler
                0x0000000008001160                ADC1_2_IRQHandler
                0x0000000008001160                SPI1_IRQHandler
                0x0000000008001160                TAMPER_IRQHandler
                0x0000000008001160                DMA1_Channel4_IRQHandler
                0x0000000008001160                USART3_IRQHandler
                0x0000000008001160                RTC_IRQHandler
                0x0000000008001160                DMA1_Channel7_IRQHandler
                0x0000000008001160                CAN1_RX1_IRQHandler
                0x0000000008001160                TIM4_IRQHandler
                0x0000000008001160                I2C1_EV_IRQHandler
                0x0000000008001160                DMA1_Channel6_IRQHandler
                0x0000000008001160                TIM3_IRQHandler
                0x0000000008001160                RCC_IRQHandler
                0x0000000008001160                TIM1_TRG_COM_IRQHandler
                0x0000000008001160                DMA1_Channel1_IRQHandler
                0x0000000008001160                Default_Handler
                0x0000000008001160                EXTI15_10_IRQHandler
                0x0000000008001160                EXTI9_5_IRQHandler
                0x0000000008001160                SPI2_IRQHandler
                0x0000000008001160                MemManage_Handler
                0x0000000008001160                SVC_Handler
                0x0000000008001160                DMA1_Channel5_IRQHandler
                0x0000000008001160                EXTI4_IRQHandler
                0x0000000008001160                USB_LP_CAN1_RX0_IRQHandler
                0x0000000008001160                USB_HP_CAN1_TX_IRQHandler
                0x0000000008001160                DMA1_Channel3_IRQHandler
                0x0000000008001160                TIM1_UP_IRQHandler
                0x0000000008001160                WWDG_IRQHandler
                0x0000000008001160                TIM1_BRK_IRQHandler
                0x0000000008001160                EXTI1_IRQHandler
                0x0000000008001160                USART2_IRQHandler
                0x0000000008001160                I2C2_ER_IRQHandler
                0x0000000008001160                DMA1_Channel2_IRQHandler
                0x0000000008001160                CAN1_SCE_IRQHandler
                0x0000000008001160                FLASH_IRQHandler
                0x0000000008001160                BusFault_Handler
                0x0000000008001160                USART1_IRQHandler
                0x0000000008001160                I2C1_ER_IRQHandler
                0x0000000008001160                USBWakeUp_IRQHandler
 .text.SystemInit
                0x0000000008001162        0xc mcu/stm32f103c8t6/core/system_stm32f1xx.o
                0x0000000008001162                SystemInit
 *fill*         0x000000000800116e        0x2 
 .text.HAL_RTC_AlarmAEventCallback
                0x0000000008001170       0x8c mcu/stm32f103c8t6/hal/src/stm32f1xx_hal_timebase_rtc_alarm_template.o
                0x0000000008001170                HAL_RTC_AlarmAEventCallback
 .text.RTC_Alarm_IRQHandler
                0x00000000080011fc       0x14 mcu/stm32f103c8t6/hal/src/stm32f1xx_hal_timebase_rtc_alarm_template.o
                0x00000000080011fc                RTC_Alarm_IRQHandler
 .text.HAL_RTC_AlarmIRQHandler
                0x0000000008001210       0x50 mcu/stm32f103c8t6/hal/src/stm32f1xx_hal_rtc.o
                0x0000000008001210                HAL_RTC_AlarmIRQHandler
 .text.HAL_TIM_IRQHandler
                0x0000000008001260      0x210 mcu/stm32f103c8t6/hal/src/stm32f1xx_hal_tim.o
                0x0000000008001260                HAL_TIM_IRQHandler
 .text.HAL_TIM_OC_DelayElapsedCallback
                0x0000000008001470       0x12 mcu/stm32f103c8t6/hal/src/stm32f1xx_hal_tim.o
                0x0000000008001470                HAL_TIM_OC_DelayElapsedCallback
 .text.HAL_TIM_IC_CaptureCallback
                0x0000000008001482       0x12 mcu/stm32f103c8t6/hal/src/stm32f1xx_hal_tim.o
                0x0000000008001482                HAL_TIM_IC_CaptureCallback
 .text.HAL_TIM_PWM_PulseFinishedCallback
                0x0000000008001494       0x12 mcu/stm32f103c8t6/hal/src/stm32f1xx_hal_tim.o
                0x0000000008001494                HAL_TIM_PWM_PulseFinishedCallback
 .text.HAL_TIM_TriggerCallback
                0x00000000080014a6       0x12 mcu/stm32f103c8t6/hal/src/stm32f1xx_hal_tim.o
                0x00000000080014a6                HAL_TIM_TriggerCallback
 .text.HAL_IncTick
                0x00000000080014b8       0x24 mcu/stm32f103c8t6/hal/src/stm32f1xx_hal.o
                0x00000000080014b8                HAL_IncTick
 .text.HAL_GPIO_Init
                0x00000000080014dc      0x308 mcu/stm32f103c8t6/hal/src/stm32f1xx_hal_gpio.o
                0x00000000080014dc                HAL_GPIO_Init
 .text.HAL_TIM_PeriodElapsedCallback
                0x00000000080017e4       0x14 mcu/stm32f103c8t6/hal/src/stm32f1xx_hal_timebase_tim_template.o
                0x00000000080017e4                HAL_TIM_PeriodElapsedCallback
 .text.TIM2_IRQHandler
                0x00000000080017f8       0x14 mcu/stm32f103c8t6/hal/src/stm32f1xx_hal_timebase_tim_template.o
                0x00000000080017f8                TIM2_IRQHandler
 .text.HAL_TIMEx_CommutCallback
                0x000000000800180c       0x12 mcu/stm32f103c8t6/hal/src/stm32f1xx_hal_tim_ex.o
                0x000000000800180c                HAL_TIMEx_CommutCallback
 .text.HAL_TIMEx_BreakCallback
                0x000000000800181e       0x12 mcu/stm32f103c8t6/hal/src/stm32f1xx_hal_tim_ex.o
                0x000000000800181e                HAL_TIMEx_BreakCallback
 .text._ZNK9rom_class3fooEv
                0x0000000008001830       0x14 main.o
                0x0000000008001830                rom_class::foo() const
 .text._ZN5T_RCC6PortOnIJL5Gport4ELS1_8ELS1_16EEEEvv
                0x0000000008001844       0x24 main.o
                0x0000000008001844                void T_RCC::PortOn<(Gport)4, (Gport)8, (Gport)16>()
 .text._ZN5T_RCC7SetBitsIJLh4ELh8ELh16EEEEhv
                0x0000000008001868       0x14 main.o
                0x0000000008001868                unsigned char T_RCC::SetBits<(unsigned char)4, (unsigned char)8, (unsigned char)16>()
 .text.abort    0x000000000800187c        0xe /usr/local/share/gcc-arm-none-eabi-10-2020-q4-major/bin/../lib/gcc/arm-none-eabi/10.2.1/../../../../arm-none-eabi/lib/thumb/v7-m/nofp/libc_nano.a(lib_a-abort.o)
                0x000000000800187c                abort
 *fill*         0x000000000800188a        0x2 
 .text.__libc_init_array
                0x000000000800188c       0x48 /usr/local/share/gcc-arm-none-eabi-10-2020-q4-major/bin/../lib/gcc/arm-none-eabi/10.2.1/../../../../arm-none-eabi/lib/thumb/v7-m/nofp/libc_nano.a(lib_a-init.o)
                0x000000000800188c                __libc_init_array
 .text.memcpy   0x00000000080018d4       0x1c /usr/local/share/gcc-arm-none-eabi-10-2020-q4-major/bin/../lib/gcc/arm-none-eabi/10.2.1/../../../../arm-none-eabi/lib/thumb/v7-m/nofp/libc_nano.a(lib_a-memcpy-stub.o)
                0x00000000080018d4                memcpy
 .text._raise_r
                0x00000000080018f0       0x50 /usr/local/share/gcc-arm-none-eabi-10-2020-q4-major/bin/../lib/gcc/arm-none-eabi/10.2.1/../../../../arm-none-eabi/lib/thumb/v7-m/nofp/libc_nano.a(lib_a-signal.o)
                0x00000000080018f0                _raise_r
 .text.raise    0x0000000008001940       0x10 /usr/local/share/gcc-arm-none-eabi-10-2020-q4-major/bin/../lib/gcc/arm-none-eabi/10.2.1/../../../../arm-none-eabi/lib/thumb/v7-m/nofp/libc_nano.a(lib_a-signal.o)
                0x0000000008001940                raise
 .text._kill_r  0x0000000008001950       0x24 /usr/local/share/gcc-arm-none-eabi-10-2020-q4-major/bin/../lib/gcc/arm-none-eabi/10.2.1/../../../../arm-none-eabi/lib/thumb/v7-m/nofp/libc_nano.a(lib_a-signalr.o)
                0x0000000008001950                _kill_r
 .text._getpid_r
                0x0000000008001974        0x4 /usr/local/share/gcc-arm-none-eabi-10-2020-q4-major/bin/../lib/gcc/arm-none-eabi/10.2.1/../../../../arm-none-eabi/lib/thumb/v7-m/nofp/libc_nano.a(lib_a-signalr.o)
                0x0000000008001974                _getpid_r
 .text._getpid  0x0000000008001978       0x10 /usr/local/share/gcc-arm-none-eabi-10-2020-q4-major/bin/../lib/gcc/arm-none-eabi/10.2.1/../../../../arm-none-eabi/lib/thumb/v7-m/nofp/libnosys.a(getpid.o)
                0x0000000008001978                _getpid
 .text._kill    0x0000000008001988       0x10 /usr/local/share/gcc-arm-none-eabi-10-2020-q4-major/bin/../lib/gcc/arm-none-eabi/10.2.1/../../../../arm-none-eabi/lib/thumb/v7-m/nofp/libnosys.a(kill.o)
                0x0000000008001988                _kill
 .text._exit    0x0000000008001998        0x4 /usr/local/share/gcc-arm-none-eabi-10-2020-q4-major/bin/../lib/gcc/arm-none-eabi/10.2.1/../../../../arm-none-eabi/lib/thumb/v7-m/nofp/libnosys.a(_exit.o)
                0x0000000008001998                _exit
 *(.glue_7)
 .glue_7        0x000000000800199c        0x0 linker stubs
 *(.glue_7t)
 .glue_7t       0x000000000800199c        0x0 linker stubs
 *(.eh_frame)
 .eh_frame      0x000000000800199c        0x0 /usr/local/share/gcc-arm-none-eabi-10-2020-q4-major/bin/../lib/gcc/arm-none-eabi/10.2.1/thumb/v7-m/nofp/crtbegin.o
 *(.init)
 .init          0x000000000800199c        0x4 /usr/local/share/gcc-arm-none-eabi-10-2020-q4-major/bin/../lib/gcc/arm-none-eabi/10.2.1/thumb/v7-m/nofp/crti.o
                0x000000000800199c                _init
 .init          0x00000000080019a0        0x8 /usr/local/share/gcc-arm-none-eabi-10-2020-q4-major/bin/../lib/gcc/arm-none-eabi/10.2.1/thumb/v7-m/nofp/crtn.o
 *(.fini)
 .fini          0x00000000080019a8        0x4 /usr/local/share/gcc-arm-none-eabi-10-2020-q4-major/bin/../lib/gcc/arm-none-eabi/10.2.1/thumb/v7-m/nofp/crti.o
                0x00000000080019a8                _fini
 .fini          0x00000000080019ac        0x8 /usr/local/share/gcc-arm-none-eabi-10-2020-q4-major/bin/../lib/gcc/arm-none-eabi/10.2.1/thumb/v7-m/nofp/crtn.o
                0x00000000080019b4                . = ALIGN (0x4)
                0x00000000080019b4                _etext = .

.vfp11_veneer   0x00000000080019b4        0x0
 .vfp11_veneer  0x00000000080019b4        0x0 linker stubs

.v4_bx          0x00000000080019b4        0x0
 .v4_bx         0x00000000080019b4        0x0 linker stubs

.iplt           0x00000000080019b4        0x0
 .iplt          0x00000000080019b4        0x0 /usr/local/share/gcc-arm-none-eabi-10-2020-q4-major/bin/../lib/gcc/arm-none-eabi/10.2.1/thumb/v7-m/nofp/crtbegin.o

.rodata         0x00000000080019b4        0xc
                0x00000000080019b4                . = ALIGN (0x4)
 *(.rodata)
 .rodata        0x00000000080019b4        0xc main.o
 *(.rodata*)
                0x00000000080019c0                . = ALIGN (0x4)

.ARM.extab      0x00000000080019c0       0x30
 *(.ARM.extab* .gnu.linkonce.armextab.*)
 .ARM.extab.text._ZNK9rom_class3fooEv
                0x00000000080019c0        0x0 main.o
 .ARM.extab     0x00000000080019c0       0x18 main.o
 .ARM.extab.text._ZN5T_RCC6PortOnIJL5Gport4ELS1_8ELS1_16EEEEvv
                0x00000000080019d8        0x0 main.o
 .ARM.extab.text._ZN5T_RCC7SetBitsIJLh4ELh8ELh16EEEEhv
                0x00000000080019d8        0x0 main.o
 .ARM.extab     0x00000000080019d8       0x18 /usr/local/share/gcc-arm-none-eabi-10-2020-q4-major/bin/../lib/gcc/arm-none-eabi/10.2.1/thumb/v7-m/nofp/libgcc.a(pr-support.o)

.ARM            0x00000000080019f0       0xc8
                0x00000000080019f0                __exidx_start = .
 *(.ARM.exidx*)
 .ARM.exidx.text._ZNK9rom_class3fooEv
                0x0000000008001ab8        0x0 main.o
                                          0x8 (size before relaxing)
 .ARM.exidx     0x00000000080019f0       0x10 main.o
 .ARM.exidx.text._ZN5T_RCC6PortOnIJL5Gport4ELS1_8ELS1_16EEEEvv
                0x0000000008001ab8        0x0 main.o
                                          0x8 (size before relaxing)
 .ARM.exidx.text._ZN5T_RCC7SetBitsIJLh4ELh8ELh16EEEEhv
                0x0000000008001ab8        0x0 main.o
                                          0x8 (size before relaxing)
 .ARM.exidx     0x0000000008001a00       0x80 /usr/local/share/gcc-arm-none-eabi-10-2020-q4-major/bin/../lib/gcc/arm-none-eabi/10.2.1/thumb/v7-m/nofp/libgcc.a(unwind-arm.o)
                                         0xd8 (size before relaxing)
 .ARM.exidx     0x0000000008001a80       0x38 /usr/local/share/gcc-arm-none-eabi-10-2020-q4-major/bin/../lib/gcc/arm-none-eabi/10.2.1/thumb/v7-m/nofp/libgcc.a(pr-support.o)
                0x0000000008001ab8                __exidx_end = .

.rel.dyn        0x0000000008001ab8        0x0
 .rel.iplt      0x0000000008001ab8        0x0 /usr/local/share/gcc-arm-none-eabi-10-2020-q4-major/bin/../lib/gcc/arm-none-eabi/10.2.1/thumb/v7-m/nofp/crtbegin.o

.preinit_array  0x0000000008001ab8        0x0
                0x0000000008001ab8                PROVIDE (__preinit_array_start = .)
 *(.preinit_array*)
                0x0000000008001ab8                PROVIDE (__preinit_array_end = .)

.init_array     0x0000000008001ab8        0x4
                0x0000000008001ab8                PROVIDE (__init_array_start = .)
 *(SORT_BY_NAME(.init_array.*))
 *(.init_array*)
 .init_array    0x0000000008001ab8        0x4 /usr/local/share/gcc-arm-none-eabi-10-2020-q4-major/bin/../lib/gcc/arm-none-eabi/10.2.1/thumb/v7-m/nofp/crtbegin.o
                0x0000000008001abc                PROVIDE (__init_array_end = .)

.fini_array     0x0000000008001abc        0x4
                [!provide]                        PROVIDE (__fini_array_start = .)
 *(SORT_BY_NAME(.fini_array.*))
 *(.fini_array*)
 .fini_array    0x0000000008001abc        0x4 /usr/local/share/gcc-arm-none-eabi-10-2020-q4-major/bin/../lib/gcc/arm-none-eabi/10.2.1/thumb/v7-m/nofp/crtbegin.o
                [!provide]                        PROVIDE (__fini_array_end = .)
                0x0000000008001ac0                _sidata = LOADADDR (.data)

.data           0x0000000020000000       0x74 load address 0x0000000008001ac0
                0x0000000020000000                . = ALIGN (0x4)
                0x0000000020000000                _sdata = .
 *(.data)
 .data          0x0000000020000000        0x8 main.o
                0x0000000020000000                ram_glob_var
 *(.data*)
 .data.SystemCoreClock
                0x0000000020000008        0x4 mcu/stm32f103c8t6/core/system_stm32f1xx.o
                0x0000000020000008                SystemCoreClock
 .data.uwTickFreq
                0x000000002000000c        0x1 mcu/stm32f103c8t6/hal/src/stm32f1xx_hal.o
                0x000000002000000c                uwTickFreq
 *fill*         0x000000002000000d        0x3 
 .data._impure_ptr
                0x0000000020000010        0x4 /usr/local/share/gcc-arm-none-eabi-10-2020-q4-major/bin/../lib/gcc/arm-none-eabi/10.2.1/../../../../arm-none-eabi/lib/thumb/v7-m/nofp/libc_nano.a(lib_a-impure.o)
                0x0000000020000010                _impure_ptr
 .data.impure_data
                0x0000000020000014       0x60 /usr/local/share/gcc-arm-none-eabi-10-2020-q4-major/bin/../lib/gcc/arm-none-eabi/10.2.1/../../../../arm-none-eabi/lib/thumb/v7-m/nofp/libc_nano.a(lib_a-impure.o)
                0x0000000020000074                . = ALIGN (0x4)
                0x0000000020000074                _edata = .

.igot.plt       0x0000000020000074        0x0 load address 0x0000000008001b34
 .igot.plt      0x0000000020000074        0x0 /usr/local/share/gcc-arm-none-eabi-10-2020-q4-major/bin/../lib/gcc/arm-none-eabi/10.2.1/thumb/v7-m/nofp/crtbegin.o
                0x0000000020000074                . = ALIGN (0x4)

.bss            0x0000000020000074       0x90 load address 0x0000000008001b34
                0x0000000020000074                _sbss = .
                0x0000000020000074                __bss_start__ = _sbss
 *(.bss)
 .bss           0x0000000020000074       0x1c /usr/local/share/gcc-arm-none-eabi-10-2020-q4-major/bin/../lib/gcc/arm-none-eabi/10.2.1/thumb/v7-m/nofp/crtbegin.o
 .bss           0x0000000020000090       0x10 main.o
                0x0000000020000090                ptr1
                0x0000000020000094                ptr2
                0x0000000020000098                ptr3
 *(.bss*)
 .bss.hRTC_Handle
                0x00000000200000a0       0x14 mcu/stm32f103c8t6/hal/src/stm32f1xx_hal_timebase_rtc_alarm_template.o
                0x00000000200000a0                hRTC_Handle
 .bss.uwTick    0x00000000200000b4        0x4 mcu/stm32f103c8t6/hal/src/stm32f1xx_hal.o
                0x00000000200000b4                uwTick
 .bss.TimHandle
                0x00000000200000b8       0x48 mcu/stm32f103c8t6/hal/src/stm32f1xx_hal_timebase_tim_template.o
                0x00000000200000b8                TimHandle
 .bss.errno     0x0000000020000100        0x4 /usr/local/share/gcc-arm-none-eabi-10-2020-q4-major/bin/../lib/gcc/arm-none-eabi/10.2.1/../../../../arm-none-eabi/lib/thumb/v7-m/nofp/libc_nano.a(lib_a-reent.o)
                0x0000000020000100                errno
 *(COMMON)
                0x0000000020000104                . = ALIGN (0x4)
                0x0000000020000104                _ebss = .
                0x0000000020000104                __bss_end__ = _ebss

._user_heap_stack
                0x0000000020000104      0x604 load address 0x0000000008001b34
                0x0000000020000108                . = ALIGN (0x8)
 *fill*         0x0000000020000104        0x4 
                0x0000000020000108                PROVIDE (end = .)
                [!provide]                        PROVIDE (_end = .)
                0x0000000020000308                . = (. + _Min_Heap_Size)
 *fill*         0x0000000020000108      0x200 
                0x0000000020000708                . = (. + _Min_Stack_Size)
 *fill*         0x0000000020000308      0x400 
                0x0000000020000708                . = ALIGN (0x8)

/DISCARD/
 libc.a(*)
 libm.a(*)
 libgcc.a(*)

.ARM.attributes
                0x0000000000000000       0x29
 *(.ARM.attributes)
 .ARM.attributes
                0x0000000000000000       0x1d /usr/local/share/gcc-arm-none-eabi-10-2020-q4-major/bin/../lib/gcc/arm-none-eabi/10.2.1/thumb/v7-m/nofp/crti.o
 .ARM.attributes
                0x000000000000001d       0x2d /usr/local/share/gcc-arm-none-eabi-10-2020-q4-major/bin/../lib/gcc/arm-none-eabi/10.2.1/thumb/v7-m/nofp/crtbegin.o
 .ARM.attributes
                0x000000000000004a       0x21 mcu/stm32f103c8t6/core/startup_stm32f103xb.o
 .ARM.attributes
                0x000000000000006b       0x2b mcu/stm32f103c8t6/core/system_stm32f1xx.o
 .ARM.attributes
                0x0000000000000096       0x2b mcu/stm32f103c8t6/hal/src/stm32f1xx_hal_timebase_rtc_alarm_template.o
 .ARM.attributes
                0x00000000000000c1       0x2b mcu/stm32f103c8t6/hal/src/stm32f1xx_hal_rtc.o
 .ARM.attributes
                0x00000000000000ec       0x2b mcu/stm32f103c8t6/hal/src/stm32f1xx_hal_tim.o
 .ARM.attributes
                0x0000000000000117       0x2b mcu/stm32f103c8t6/hal/src/stm32f1xx_hal.o
 .ARM.attributes
                0x0000000000000142       0x2b mcu/stm32f103c8t6/hal/src/stm32f1xx_hal_gpio.o
 .ARM.attributes
                0x000000000000016d       0x2b mcu/stm32f103c8t6/hal/src/stm32f1xx_hal_timebase_tim_template.o
 .ARM.attributes
                0x0000000000000198       0x2b mcu/stm32f103c8t6/hal/src/stm32f1xx_hal_tim_ex.o
 .ARM.attributes
                0x00000000000001c3       0x2b main.o
 .ARM.attributes
                0x00000000000001ee       0x2d /usr/local/share/gcc-arm-none-eabi-10-2020-q4-major/bin/../lib/gcc/arm-none-eabi/10.2.1/thumb/v7-m/nofp/libgcc.a(unwind-arm.o)
 .ARM.attributes
                0x000000000000021b       0x1d /usr/local/share/gcc-arm-none-eabi-10-2020-q4-major/bin/../lib/gcc/arm-none-eabi/10.2.1/thumb/v7-m/nofp/libgcc.a(libunwind.o)
 .ARM.attributes
                0x0000000000000238       0x2d /usr/local/share/gcc-arm-none-eabi-10-2020-q4-major/bin/../lib/gcc/arm-none-eabi/10.2.1/thumb/v7-m/nofp/libgcc.a(pr-support.o)
 .ARM.attributes
                0x0000000000000265       0x2d /usr/local/share/gcc-arm-none-eabi-10-2020-q4-major/bin/../lib/gcc/arm-none-eabi/10.2.1/../../../../arm-none-eabi/lib/thumb/v7-m/nofp/libc_nano.a(lib_a-abort.o)
 .ARM.attributes
                0x0000000000000292       0x2d /usr/local/share/gcc-arm-none-eabi-10-2020-q4-major/bin/../lib/gcc/arm-none-eabi/10.2.1/../../../../arm-none-eabi/lib/thumb/v7-m/nofp/libc_nano.a(lib_a-impure.o)
 .ARM.attributes
                0x00000000000002bf       0x2d /usr/local/share/gcc-arm-none-eabi-10-2020-q4-major/bin/../lib/gcc/arm-none-eabi/10.2.1/../../../../arm-none-eabi/lib/thumb/v7-m/nofp/libc_nano.a(lib_a-init.o)
 .ARM.attributes
                0x00000000000002ec       0x2d /usr/local/share/gcc-arm-none-eabi-10-2020-q4-major/bin/../lib/gcc/arm-none-eabi/10.2.1/../../../../arm-none-eabi/lib/thumb/v7-m/nofp/libc_nano.a(lib_a-memcpy-stub.o)
 .ARM.attributes
                0x0000000000000319       0x2d /usr/local/share/gcc-arm-none-eabi-10-2020-q4-major/bin/../lib/gcc/arm-none-eabi/10.2.1/../../../../arm-none-eabi/lib/thumb/v7-m/nofp/libc_nano.a(lib_a-signal.o)
 .ARM.attributes
                0x0000000000000346       0x2d /usr/local/share/gcc-arm-none-eabi-10-2020-q4-major/bin/../lib/gcc/arm-none-eabi/10.2.1/../../../../arm-none-eabi/lib/thumb/v7-m/nofp/libc_nano.a(lib_a-signalr.o)
 .ARM.attributes
                0x0000000000000373       0x2d /usr/local/share/gcc-arm-none-eabi-10-2020-q4-major/bin/../lib/gcc/arm-none-eabi/10.2.1/../../../../arm-none-eabi/lib/thumb/v7-m/nofp/libc_nano.a(lib_a-reent.o)
 .ARM.attributes
                0x00000000000003a0       0x2d /usr/local/share/gcc-arm-none-eabi-10-2020-q4-major/bin/../lib/gcc/arm-none-eabi/10.2.1/../../../../arm-none-eabi/lib/thumb/v7-m/nofp/libnosys.a(getpid.o)
 .ARM.attributes
                0x00000000000003cd       0x2d /usr/local/share/gcc-arm-none-eabi-10-2020-q4-major/bin/../lib/gcc/arm-none-eabi/10.2.1/../../../../arm-none-eabi/lib/thumb/v7-m/nofp/libnosys.a(kill.o)
 .ARM.attributes
                0x00000000000003fa       0x2d /usr/local/share/gcc-arm-none-eabi-10-2020-q4-major/bin/../lib/gcc/arm-none-eabi/10.2.1/../../../../arm-none-eabi/lib/thumb/v7-m/nofp/libnosys.a(_exit.o)
 .ARM.attributes
                0x0000000000000427       0x1d /usr/local/share/gcc-arm-none-eabi-10-2020-q4-major/bin/../lib/gcc/arm-none-eabi/10.2.1/thumb/v7-m/nofp/crtn.o
OUTPUT(build/test.elf elf32-littlearm)
LOAD linker stubs
LOAD /usr/local/share/gcc-arm-none-eabi-10-2020-q4-major/bin/../lib/gcc/arm-none-eabi/10.2.1/../../../../arm-none-eabi/lib/thumb/v7-m/nofp/libc.a
LOAD /usr/local/share/gcc-arm-none-eabi-10-2020-q4-major/bin/../lib/gcc/arm-none-eabi/10.2.1/../../../../arm-none-eabi/lib/thumb/v7-m/nofp/libm.a
LOAD /usr/local/share/gcc-arm-none-eabi-10-2020-q4-major/bin/../lib/gcc/arm-none-eabi/10.2.1/thumb/v7-m/nofp/libgcc.a

.debug_info     0x0000000000000000     0x775b
 .debug_info    0x0000000000000000      0x25a mcu/stm32f103c8t6/core/system_stm32f1xx.o
 .debug_info    0x000000000000025a      0x73d mcu/stm32f103c8t6/hal/src/stm32f1xx_hal_timebase_rtc_alarm_template.o
 .debug_info    0x0000000000000997      0xe02 mcu/stm32f103c8t6/hal/src/stm32f1xx_hal_rtc.o
 .debug_info    0x0000000000001799     0x2c6c mcu/stm32f103c8t6/hal/src/stm32f1xx_hal_tim.o
 .debug_info    0x0000000000004405      0x704 mcu/stm32f103c8t6/hal/src/stm32f1xx_hal.o
 .debug_info    0x0000000000004b09      0x67d mcu/stm32f103c8t6/hal/src/stm32f1xx_hal_gpio.o
 .debug_info    0x0000000000005186      0xa4a mcu/stm32f103c8t6/hal/src/stm32f1xx_hal_timebase_tim_template.o
 .debug_info    0x0000000000005bd0     0x151d mcu/stm32f103c8t6/hal/src/stm32f1xx_hal_tim_ex.o
 .debug_info    0x00000000000070ed      0x66e main.o

.debug_abbrev   0x0000000000000000     0x11af
 .debug_abbrev  0x0000000000000000      0x13a mcu/stm32f103c8t6/core/system_stm32f1xx.o
 .debug_abbrev  0x000000000000013a      0x1cb mcu/stm32f103c8t6/hal/src/stm32f1xx_hal_timebase_rtc_alarm_template.o
 .debug_abbrev  0x0000000000000305      0x1f6 mcu/stm32f103c8t6/hal/src/stm32f1xx_hal_rtc.o
 .debug_abbrev  0x00000000000004fb      0x230 mcu/stm32f103c8t6/hal/src/stm32f1xx_hal_tim.o
 .debug_abbrev  0x000000000000072b      0x1fb mcu/stm32f103c8t6/hal/src/stm32f1xx_hal.o
 .debug_abbrev  0x0000000000000926      0x1ba mcu/stm32f103c8t6/hal/src/stm32f1xx_hal_gpio.o
 .debug_abbrev  0x0000000000000ae0      0x1da mcu/stm32f103c8t6/hal/src/stm32f1xx_hal_timebase_tim_template.o
 .debug_abbrev  0x0000000000000cba      0x238 mcu/stm32f103c8t6/hal/src/stm32f1xx_hal_tim_ex.o
 .debug_abbrev  0x0000000000000ef2      0x2bd main.o

.debug_loc      0x0000000000000000     0x4d00
 .debug_loc     0x0000000000000000       0xa0 mcu/stm32f103c8t6/core/system_stm32f1xx.o
 .debug_loc     0x00000000000000a0      0x16e mcu/stm32f103c8t6/hal/src/stm32f1xx_hal_timebase_rtc_alarm_template.o
 .debug_loc     0x000000000000020e      0x938 mcu/stm32f103c8t6/hal/src/stm32f1xx_hal_rtc.o
 .debug_loc     0x0000000000000b46     0x27a0 mcu/stm32f103c8t6/hal/src/stm32f1xx_hal_tim.o
 .debug_loc     0x00000000000032e6      0x698 mcu/stm32f103c8t6/hal/src/stm32f1xx_hal.o
 .debug_loc     0x000000000000397e      0x2d4 mcu/stm32f103c8t6/hal/src/stm32f1xx_hal_gpio.o
 .debug_loc     0x0000000000003c52      0x156 mcu/stm32f103c8t6/hal/src/stm32f1xx_hal_timebase_tim_template.o
 .debug_loc     0x0000000000003da8      0xdc8 mcu/stm32f103c8t6/hal/src/stm32f1xx_hal_tim_ex.o
 .debug_loc     0x0000000000004b70      0x190 main.o

.debug_aranges  0x0000000000000000      0x848
 .debug_aranges
                0x0000000000000000       0x28 mcu/stm32f103c8t6/core/system_stm32f1xx.o
 .debug_aranges
                0x0000000000000028       0x40 mcu/stm32f103c8t6/hal/src/stm32f1xx_hal_timebase_rtc_alarm_template.o
 .debug_aranges
                0x0000000000000068       0xf8 mcu/stm32f103c8t6/hal/src/stm32f1xx_hal_rtc.o
 .debug_aranges
                0x0000000000000160      0x3d0 mcu/stm32f103c8t6/hal/src/stm32f1xx_hal_tim.o
 .debug_aranges
                0x0000000000000530       0xe0 mcu/stm32f103c8t6/hal/src/stm32f1xx_hal.o
 .debug_aranges
                0x0000000000000610       0x58 mcu/stm32f103c8t6/hal/src/stm32f1xx_hal_gpio.o
 .debug_aranges
                0x0000000000000668       0x40 mcu/stm32f103c8t6/hal/src/stm32f1xx_hal_timebase_tim_template.o
 .debug_aranges
                0x00000000000006a8      0x168 mcu/stm32f103c8t6/hal/src/stm32f1xx_hal_tim_ex.o
 .debug_aranges
                0x0000000000000810       0x38 main.o

.debug_ranges   0x0000000000000000      0x7b8
 .debug_ranges  0x0000000000000000       0x18 mcu/stm32f103c8t6/core/system_stm32f1xx.o
 .debug_ranges  0x0000000000000018       0x30 mcu/stm32f103c8t6/hal/src/stm32f1xx_hal_timebase_rtc_alarm_template.o
 .debug_ranges  0x0000000000000048       0xe8 mcu/stm32f103c8t6/hal/src/stm32f1xx_hal_rtc.o
 .debug_ranges  0x0000000000000130      0x3c0 mcu/stm32f103c8t6/hal/src/stm32f1xx_hal_tim.o
 .debug_ranges  0x00000000000004f0       0xd0 mcu/stm32f103c8t6/hal/src/stm32f1xx_hal.o
 .debug_ranges  0x00000000000005c0       0x48 mcu/stm32f103c8t6/hal/src/stm32f1xx_hal_gpio.o
 .debug_ranges  0x0000000000000608       0x30 mcu/stm32f103c8t6/hal/src/stm32f1xx_hal_timebase_tim_template.o
 .debug_ranges  0x0000000000000638      0x158 mcu/stm32f103c8t6/hal/src/stm32f1xx_hal_tim_ex.o
 .debug_ranges  0x0000000000000790       0x28 main.o

.debug_line     0x0000000000000000     0x61e5
 .debug_line    0x0000000000000000      0x1e3 mcu/stm32f103c8t6/core/system_stm32f1xx.o
 .debug_line    0x00000000000001e3      0x37b mcu/stm32f103c8t6/hal/src/stm32f1xx_hal_timebase_rtc_alarm_template.o
 .debug_line    0x000000000000055e      0xbb6 mcu/stm32f103c8t6/hal/src/stm32f1xx_hal_rtc.o
 .debug_line    0x0000000000001114     0x2e03 mcu/stm32f103c8t6/hal/src/stm32f1xx_hal_tim.o
 .debug_line    0x0000000000003f17      0x455 mcu/stm32f103c8t6/hal/src/stm32f1xx_hal.o
 .debug_line    0x000000000000436c      0x4cd mcu/stm32f103c8t6/hal/src/stm32f1xx_hal_gpio.o
 .debug_line    0x0000000000004839      0x296 mcu/stm32f103c8t6/hal/src/stm32f1xx_hal_timebase_tim_template.o
 .debug_line    0x0000000000004acf     0x151b mcu/stm32f103c8t6/hal/src/stm32f1xx_hal_tim_ex.o
 .debug_line    0x0000000000005fea      0x1fb main.o

.debug_str      0x0000000000000000     0x2bff
 .debug_str     0x0000000000000000      0x202 mcu/stm32f103c8t6/core/system_stm32f1xx.o
                                        0x259 (size before relaxing)
 .debug_str     0x0000000000000202      0x668 mcu/stm32f103c8t6/hal/src/stm32f1xx_hal_timebase_rtc_alarm_template.o
                                        0x83a (size before relaxing)
 .debug_str     0x000000000000086a      0x343 mcu/stm32f103c8t6/hal/src/stm32f1xx_hal_rtc.o
                                        0x6e4 (size before relaxing)
 .debug_str     0x0000000000000bad     0x12ea mcu/stm32f103c8t6/hal/src/stm32f1xx_hal_tim.o
                                       0x15e1 (size before relaxing)
 .debug_str     0x0000000000001e97      0x294 mcu/stm32f103c8t6/hal/src/stm32f1xx_hal.o
                                        0x7d5 (size before relaxing)
 .debug_str     0x000000000000212b      0x178 mcu/stm32f103c8t6/hal/src/stm32f1xx_hal_gpio.o
                                        0x3fc (size before relaxing)
 .debug_str     0x00000000000022a3       0xf0 mcu/stm32f103c8t6/hal/src/stm32f1xx_hal_timebase_tim_template.o
                                        0xaea (size before relaxing)
 .debug_str     0x0000000000002393      0x5e4 mcu/stm32f103c8t6/hal/src/stm32f1xx_hal_tim_ex.o
                                        0xdbb (size before relaxing)
 .debug_str     0x0000000000002977      0x288 main.o
                                        0x43f (size before relaxing)

.comment        0x0000000000000000       0x4d
 .comment       0x0000000000000000       0x4d mcu/stm32f103c8t6/core/system_stm32f1xx.o
                                         0x4e (size before relaxing)
 .comment       0x000000000000004d       0x4e mcu/stm32f103c8t6/hal/src/stm32f1xx_hal_timebase_rtc_alarm_template.o
 .comment       0x000000000000004d       0x4e mcu/stm32f103c8t6/hal/src/stm32f1xx_hal_rtc.o
 .comment       0x000000000000004d       0x4e mcu/stm32f103c8t6/hal/src/stm32f1xx_hal_tim.o
 .comment       0x000000000000004d       0x4e mcu/stm32f103c8t6/hal/src/stm32f1xx_hal.o
 .comment       0x000000000000004d       0x4e mcu/stm32f103c8t6/hal/src/stm32f1xx_hal_gpio.o
 .comment       0x000000000000004d       0x4e mcu/stm32f103c8t6/hal/src/stm32f1xx_hal_timebase_tim_template.o
 .comment       0x000000000000004d       0x4e mcu/stm32f103c8t6/hal/src/stm32f1xx_hal_tim_ex.o
 .comment       0x000000000000004d       0x4e main.o

.debug_frame    0x0000000000000000     0x2948
 .debug_frame   0x0000000000000000       0x58 mcu/stm32f103c8t6/core/system_stm32f1xx.o
 .debug_frame   0x0000000000000058       0xbc mcu/stm32f103c8t6/hal/src/stm32f1xx_hal_timebase_rtc_alarm_template.o
 .debug_frame   0x0000000000000114      0x434 mcu/stm32f103c8t6/hal/src/stm32f1xx_hal_rtc.o
 .debug_frame   0x0000000000000548     0x11b8 mcu/stm32f103c8t6/hal/src/stm32f1xx_hal_tim.o
 .debug_frame   0x0000000000001700      0x334 mcu/stm32f103c8t6/hal/src/stm32f1xx_hal.o
 .debug_frame   0x0000000000001a34      0x14c mcu/stm32f103c8t6/hal/src/stm32f1xx_hal_gpio.o
 .debug_frame   0x0000000000001b80       0xb4 mcu/stm32f103c8t6/hal/src/stm32f1xx_hal_timebase_tim_template.o
 .debug_frame   0x0000000000001c34      0x638 mcu/stm32f103c8t6/hal/src/stm32f1xx_hal_tim_ex.o
 .debug_frame   0x000000000000226c       0xc8 main.o
 .debug_frame   0x0000000000002334      0x2e0 /usr/local/share/gcc-arm-none-eabi-10-2020-q4-major/bin/../lib/gcc/arm-none-eabi/10.2.1/thumb/v7-m/nofp/libgcc.a(unwind-arm.o)
 .debug_frame   0x0000000000002614       0xf4 /usr/local/share/gcc-arm-none-eabi-10-2020-q4-major/bin/../lib/gcc/arm-none-eabi/10.2.1/thumb/v7-m/nofp/libgcc.a(pr-support.o)
 .debug_frame   0x0000000000002708       0x28 /usr/local/share/gcc-arm-none-eabi-10-2020-q4-major/bin/../lib/gcc/arm-none-eabi/10.2.1/../../../../arm-none-eabi/lib/thumb/v7-m/nofp/libc_nano.a(lib_a-abort.o)
 .debug_frame   0x0000000000002730       0x2c /usr/local/share/gcc-arm-none-eabi-10-2020-q4-major/bin/../lib/gcc/arm-none-eabi/10.2.1/../../../../arm-none-eabi/lib/thumb/v7-m/nofp/libc_nano.a(lib_a-init.o)
 .debug_frame   0x000000000000275c       0x28 /usr/local/share/gcc-arm-none-eabi-10-2020-q4-major/bin/../lib/gcc/arm-none-eabi/10.2.1/../../../../arm-none-eabi/lib/thumb/v7-m/nofp/libc_nano.a(lib_a-memcpy-stub.o)
 .debug_frame   0x0000000000002784       0xcc /usr/local/share/gcc-arm-none-eabi-10-2020-q4-major/bin/../lib/gcc/arm-none-eabi/10.2.1/../../../../arm-none-eabi/lib/thumb/v7-m/nofp/libc_nano.a(lib_a-signal.o)
 .debug_frame   0x0000000000002850       0x3c /usr/local/share/gcc-arm-none-eabi-10-2020-q4-major/bin/../lib/gcc/arm-none-eabi/10.2.1/../../../../arm-none-eabi/lib/thumb/v7-m/nofp/libc_nano.a(lib_a-signalr.o)
 .debug_frame   0x000000000000288c       0x5c /usr/local/share/gcc-arm-none-eabi-10-2020-q4-major/bin/../lib/gcc/arm-none-eabi/10.2.1/../../../../arm-none-eabi/lib/thumb/v7-m/nofp/libc_nano.a(lib_a-reent.o)
 .debug_frame   0x00000000000028e8       0x20 /usr/local/share/gcc-arm-none-eabi-10-2020-q4-major/bin/../lib/gcc/arm-none-eabi/10.2.1/../../../../arm-none-eabi/lib/thumb/v7-m/nofp/libnosys.a(getpid.o)
 .debug_frame   0x0000000000002908       0x20 /usr/local/share/gcc-arm-none-eabi-10-2020-q4-major/bin/../lib/gcc/arm-none-eabi/10.2.1/../../../../arm-none-eabi/lib/thumb/v7-m/nofp/libnosys.a(kill.o)
 .debug_frame   0x0000000000002928       0x20 /usr/local/share/gcc-arm-none-eabi-10-2020-q4-major/bin/../lib/gcc/arm-none-eabi/10.2.1/../../../../arm-none-eabi/lib/thumb/v7-m/nofp/libnosys.a(_exit.o)

.stab           0x0000000000000000       0x3c
 .stab          0x0000000000000000       0x24 /usr/local/share/gcc-arm-none-eabi-10-2020-q4-major/bin/../lib/gcc/arm-none-eabi/10.2.1/../../../../arm-none-eabi/lib/thumb/v7-m/nofp/libnosys.a(getpid.o)
 .stab          0x0000000000000024       0x18 /usr/local/share/gcc-arm-none-eabi-10-2020-q4-major/bin/../lib/gcc/arm-none-eabi/10.2.1/../../../../arm-none-eabi/lib/thumb/v7-m/nofp/libnosys.a(kill.o)
                                         0x24 (size before relaxing)

.stabstr        0x0000000000000000       0x76
 .stabstr       0x0000000000000000       0x76 /usr/local/share/gcc-arm-none-eabi-10-2020-q4-major/bin/../lib/gcc/arm-none-eabi/10.2.1/../../../../arm-none-eabi/lib/thumb/v7-m/nofp/libnosys.a(getpid.o)
